<?xml version="1.0" encoding="UTF-8"?>
<TestRun id="3e0ab87a-369a-46e3-9af7-8efdf1d24623" name="Javi@JAVI-PC 2010-11-20 15:09:42" runUser="Javi-PC\Javi" xmlns="http://microsoft.com/schemas/VisualStudio/TeamTest/2010">
  <TestSettings name="Default Test Settings" id="b499cb35-25e0-48d1-8abb-b2650910f443">
    <Deployment runDeploymentRoot="Javi_JAVI-PC 2010-11-20 15_09_42">
      <DeploymentItem filename="c:\users\javi\documents\visual studio 2010\Projects\TravellerMind\TravellerMind.Domain\bin\Debug\TravellerMind.Domain.dll" />
      <DeploymentItem filename="c:\users\javi\documents\visual studio 2010\Projects\TravellerMind\TravellerMind.Infrastructure\bin\TravellerMind.Infrastructure.dll" />
      <DeploymentItem filename="c:\users\javi\documents\visual studio 2010\Projects\TravellerMind\TravellerMind\bin\TravellerMind.Web.dll" />
      <DeploymentItem filename="C:\Users\Javi\documents\visual studio 2010\Projects\TravellerMind\libraries\RhinoMocks\Rhino.Mocks.dll" />
    </Deployment>
    <Execution>
      <TestTypeSpecific />
      <AgentRule name="Execution Agents">
      </AgentRule>
    </Execution>
  </TestSettings>
  <Times creation="2010-11-20T15:09:42.6323008+01:00" queuing="2010-11-20T15:09:42.7163056+01:00" start="2010-11-20T15:09:42.7253061+01:00" finish="2010-11-20T15:09:43.0113225+01:00" />
  <ResultSummary outcome="Completed">
    <Counters total="1" executed="1" passed="1" error="0" failed="0" timeout="0" aborted="0" inconclusive="0" passedButRunAborted="0" notRunnable="0" notExecuted="0" disconnected="0" warning="0" completed="0" inProgress="0" pending="0" />
  </ResultSummary>
  <TestDefinitions>
    <UnitTest name="Index_ReturnsAnEmptySearch" storage="c:\users\javi\documents\visual studio 2010\projects\travellermind\travellermind.tests\bin\debug\travellermind.tests.dll" id="a843fc17-0748-0b6e-4064-c9d7d44f8ee6">
      <Execution id="a5d3ae0d-257e-4cdd-a389-d85dde8d6d5b" />
      <TestMethod codeBase="C:/Users/Javi/documents/visual studio 2010/Projects/TravellerMind/TravellerMind.Tests/bin/Debug/TravellerMind.Tests.DLL" adapterTypeName="Microsoft.VisualStudio.TestTools.TestTypes.Unit.UnitTestAdapter, Microsoft.VisualStudio.QualityTools.Tips.UnitTest.Adapter, Version=10.0.0.0, Culture=neutral, PublicKeyToken=b03f5f7f11d50a3a" className="TravellerMind.Tests.Controllers.SearcherControllerTest, TravellerMind.Tests, Version=1.0.0.0, Culture=neutral, PublicKeyToken=null" name="Index_ReturnsAnEmptySearch" />
    </UnitTest>
  </TestDefinitions>
  <TestLists>
    <TestList name="Results Not in a List" id="8c84fa94-04c1-424b-9868-57a2d4851a1d" />
    <TestList name="All Loaded Results" id="19431567-8539-422a-85d7-44ee4e166bda" />
  </TestLists>
  <TestEntries>
    <TestEntry testId="a843fc17-0748-0b6e-4064-c9d7d44f8ee6" executionId="a5d3ae0d-257e-4cdd-a389-d85dde8d6d5b" testListId="8c84fa94-04c1-424b-9868-57a2d4851a1d" />
  </TestEntries>
  <Results>
    <UnitTestResult executionId="a5d3ae0d-257e-4cdd-a389-d85dde8d6d5b" testId="a843fc17-0748-0b6e-4064-c9d7d44f8ee6" testName="Index_ReturnsAnEmptySearch" computerName="JAVI-PC" duration="00:00:00.0940502" startTime="2010-11-20T15:09:42.7263062+01:00" endTime="2010-11-20T15:09:43.0013219+01:00" testType="13cdc9d9-ddb5-4fa4-a97d-d965ccfc6d4b" outcome="Passed" testListId="8c84fa94-04c1-424b-9868-57a2d4851a1d" relativeResultsDirectory="a5d3ae0d-257e-4cdd-a389-d85dde8d6d5b">
    </UnitTestResult>
  </Results>
</TestRun>