<?xml version="1.0" encoding="UTF-8"?>
<TestRun id="620073c3-95ed-4d4f-8801-b5a7e4654647" name="Javi@JAVI-PC 2010-11-20 18:25:21" runUser="Javi-PC\Javi" xmlns="http://microsoft.com/schemas/VisualStudio/TeamTest/2010">
  <TestSettings name="Default Test Settings" id="f3123b19-948c-450d-b0fc-6f78d63d85d6">
    <Deployment userDeploymentRoot="C:\Users\Javi\documents\visual studio 2010\Projects\TravellerMind\TestResults" useDefaultDeploymentRoot="false" runDeploymentRoot="Javi_JAVI-PC 2010-11-20 18_25_21">
      <DeploymentItem filename="c:\users\javi\documents\visual studio 2010\Projects\TravellerMind\TravellerMind.Domain\bin\Debug\TravellerMind.Domain.dll" />
      <DeploymentItem filename="c:\users\javi\documents\visual studio 2010\Projects\TravellerMind\TravellerMind.Infrastructure\bin\TravellerMind.Infrastructure.dll" />
      <DeploymentItem filename="c:\users\javi\documents\visual studio 2010\Projects\TravellerMind\TravellerMind\bin\TravellerMind.Web.dll" />
      <DeploymentItem filename="C:\Users\Javi\documents\visual studio 2010\Projects\TravellerMind\libraries\RhinoMocks\Rhino.Mocks.dll" />
    </Deployment>
    <Execution>
      <TestTypeSpecific />
      <AgentRule name="Execution Agents">
      </AgentRule>
    </Execution>
  </TestSettings>
  <Times creation="2010-11-20T18:25:21.9702703+01:00" queuing="2010-11-20T18:25:22.0702760+01:00" start="2010-11-20T18:25:22.0792766+01:00" finish="2010-11-20T18:25:22.4442974+01:00" />
  <ResultSummary outcome="Failed">
    <Counters total="3" executed="3" error="0" failed="1" timeout="0" aborted="0" inconclusive="2" passedButRunAborted="0" notRunnable="0" notExecuted="0" disconnected="0" warning="0" passed="0" completed="0" inProgress="0" pending="0" />
  </ResultSummary>
  <TestDefinitions>
    <UnitTest name="ProfilesController_ProfilesRepositoryIsNotNull" storage="c:\users\javi\documents\visual studio 2010\projects\travellermind\travellermind.tests\bin\debug\travellermind.tests.dll" id="61f28dd2-e2cf-aed1-7fb7-f16f602b39f8">
      <Execution id="5721733f-cb0c-4551-9a2c-4317ba8dbf6a" />
      <TestMethod codeBase="C:/Users/Javi/documents/visual studio 2010/Projects/TravellerMind/TravellerMind.Tests/bin/Debug/TravellerMind.Tests.DLL" adapterTypeName="Microsoft.VisualStudio.TestTools.TestTypes.Unit.UnitTestAdapter, Microsoft.VisualStudio.QualityTools.Tips.UnitTest.Adapter, Version=10.0.0.0, Culture=neutral, PublicKeyToken=b03f5f7f11d50a3a" className="TravellerMind.Tests.Controllers.ProfileControllerTest, TravellerMind.Tests, Version=1.0.0.0, Culture=neutral, PublicKeyToken=null" name="ProfilesController_ProfilesRepositoryIsNotNull" />
    </UnitTest>
    <UnitTest name="PostSearch_ReturnsATravelList" storage="c:\users\javi\documents\visual studio 2010\projects\travellermind\travellermind.tests\bin\debug\travellermind.tests.dll" id="2f1cf58f-7753-51a3-4cd1-bf5b856d8073">
      <Execution id="bef3cc34-7920-440e-a35e-9b2e4889d495" />
      <TestMethod codeBase="C:/Users/Javi/documents/visual studio 2010/Projects/TravellerMind/TravellerMind.Tests/bin/Debug/TravellerMind.Tests.DLL" adapterTypeName="Microsoft.VisualStudio.TestTools.TestTypes.Unit.UnitTestAdapter, Microsoft.VisualStudio.QualityTools.Tips.UnitTest.Adapter, Version=10.0.0.0, Culture=neutral, PublicKeyToken=b03f5f7f11d50a3a" className="TravellerMind.Tests.Controllers.SearcherControllerTest, TravellerMind.Tests, Version=1.0.0.0, Culture=neutral, PublicKeyToken=null" name="PostSearch_ReturnsATravelList" />
    </UnitTest>
    <UnitTest name="Searcher_TravelRepositoryIsNotNull" storage="c:\users\javi\documents\visual studio 2010\projects\travellermind\travellermind.tests\bin\debug\travellermind.tests.dll" id="a897b593-bce4-fddc-d4ce-9c9e711eb1ba">
      <Execution id="4a0d1626-3854-46c6-b124-462a0e822815" />
      <TestMethod codeBase="C:/Users/Javi/documents/visual studio 2010/Projects/TravellerMind/TravellerMind.Tests/bin/Debug/TravellerMind.Tests.DLL" adapterTypeName="Microsoft.VisualStudio.TestTools.TestTypes.Unit.UnitTestAdapter, Microsoft.VisualStudio.QualityTools.Tips.UnitTest.Adapter, Version=10.0.0.0, Culture=neutral, PublicKeyToken=b03f5f7f11d50a3a" className="TravellerMind.Tests.Controllers.SearcherControllerTest, TravellerMind.Tests, Version=1.0.0.0, Culture=neutral, PublicKeyToken=null" name="Searcher_TravelRepositoryIsNotNull" />
    </UnitTest>
  </TestDefinitions>
  <TestLists>
    <TestList name="Results Not in a List" id="8c84fa94-04c1-424b-9868-57a2d4851a1d" />
    <TestList name="All Loaded Results" id="19431567-8539-422a-85d7-44ee4e166bda" />
  </TestLists>
  <TestEntries>
    <TestEntry testId="a897b593-bce4-fddc-d4ce-9c9e711eb1ba" executionId="4a0d1626-3854-46c6-b124-462a0e822815" testListId="8c84fa94-04c1-424b-9868-57a2d4851a1d" />
    <TestEntry testId="61f28dd2-e2cf-aed1-7fb7-f16f602b39f8" executionId="5721733f-cb0c-4551-9a2c-4317ba8dbf6a" testListId="8c84fa94-04c1-424b-9868-57a2d4851a1d" />
    <TestEntry testId="2f1cf58f-7753-51a3-4cd1-bf5b856d8073" executionId="bef3cc34-7920-440e-a35e-9b2e4889d495" testListId="8c84fa94-04c1-424b-9868-57a2d4851a1d" />
  </TestEntries>
  <Results>
    <UnitTestResult executionId="4a0d1626-3854-46c6-b124-462a0e822815" testId="a897b593-bce4-fddc-d4ce-9c9e711eb1ba" testName="Searcher_TravelRepositoryIsNotNull" computerName="JAVI-PC" duration="00:00:00.0180510" startTime="2010-11-20T18:25:22.0802766+01:00" endTime="2010-11-20T18:25:22.2692874+01:00" testType="13cdc9d9-ddb5-4fa4-a97d-d965ccfc6d4b" outcome="Inconclusive" testListId="8c84fa94-04c1-424b-9868-57a2d4851a1d" relativeResultsDirectory="4a0d1626-3854-46c6-b124-462a0e822815">
      <Output>
        <ErrorInfo>
          <Message>Assert.Inconclusive failed. Utilizar la dll TestTools del framework para obtener la propiedad privada</Message>
          <StackTrace>   at TravellerMind.Tests.Controllers.SearcherControllerTest.Searcher_TravelRepositoryIsNotNull() in C:\Users\Javi\documents\visual studio 2010\Projects\TravellerMind\TravellerMind.Tests\Controllers\SearcherControllerTest.cs:line 21
</StackTrace>
        </ErrorInfo>
      </Output>
    </UnitTestResult>
    <UnitTestResult executionId="5721733f-cb0c-4551-9a2c-4317ba8dbf6a" testId="61f28dd2-e2cf-aed1-7fb7-f16f602b39f8" testName="ProfilesController_ProfilesRepositoryIsNotNull" computerName="JAVI-PC" duration="00:00:00.0008574" startTime="2010-11-20T18:25:22.2702875+01:00" endTime="2010-11-20T18:25:22.2752878+01:00" testType="13cdc9d9-ddb5-4fa4-a97d-d965ccfc6d4b" outcome="Inconclusive" testListId="8c84fa94-04c1-424b-9868-57a2d4851a1d" relativeResultsDirectory="5721733f-cb0c-4551-9a2c-4317ba8dbf6a">
      <Output>
        <ErrorInfo>
          <Message>Assert.Inconclusive failed. Utilizar la dll TestTools del framework para obtener la propiedad privada</Message>
          <StackTrace>   at TravellerMind.Tests.Controllers.ProfileControllerTest.ProfilesController_ProfilesRepositoryIsNotNull() in C:\Users\Javi\documents\visual studio 2010\Projects\TravellerMind\TravellerMind.Tests\Controllers\ProfileControllerTest.cs:line 20
</StackTrace>
        </ErrorInfo>
      </Output>
    </UnitTestResult>
    <UnitTestResult executionId="bef3cc34-7920-440e-a35e-9b2e4889d495" testId="2f1cf58f-7753-51a3-4cd1-bf5b856d8073" testName="PostSearch_ReturnsATravelList" computerName="JAVI-PC" duration="00:00:00.1553654" startTime="2010-11-20T18:25:22.2762878+01:00" endTime="2010-11-20T18:25:22.4342969+01:00" testType="13cdc9d9-ddb5-4fa4-a97d-d965ccfc6d4b" outcome="Failed" testListId="8c84fa94-04c1-424b-9868-57a2d4851a1d" relativeResultsDirectory="bef3cc34-7920-440e-a35e-9b2e4889d495">
      <Output>
        <ErrorInfo>
          <Message>Assert.AreEqual failed. Expected:&lt;System.Collections.Generic.List`1[TravellerMind.Domain.Travel]&gt;. Actual:&lt;(null)&gt;. </Message>
          <StackTrace>   at TravellerMind.Tests.Controllers.SearcherControllerTest.PostSearch_ReturnsATravelList() in C:\Users\Javi\documents\visual studio 2010\Projects\TravellerMind\TravellerMind.Tests\Controllers\SearcherControllerTest.cs:line 67
</StackTrace>
        </ErrorInfo>
      </Output>
    </UnitTestResult>
  </Results>
</TestRun>