<?xml version="1.0" encoding="UTF-8"?>
<TestRun id="d81075a1-5755-42e3-87c7-214a43e0ac3c" name="Javi@JAVI-PC 2010-11-20 15:23:46" runUser="Javi-PC\Javi" xmlns="http://microsoft.com/schemas/VisualStudio/TeamTest/2010">
  <TestSettings name="Default Test Settings" id="288941c2-cf9c-4820-bb97-77c3490ff29c">
    <Deployment runDeploymentRoot="Javi_JAVI-PC 2010-11-20 15_23_46">
      <DeploymentItem filename="c:\users\javi\documents\visual studio 2010\Projects\TravellerMind\TravellerMind.Domain\bin\Debug\TravellerMind.Domain.dll" />
      <DeploymentItem filename="c:\users\javi\documents\visual studio 2010\Projects\TravellerMind\TravellerMind.Infrastructure\bin\TravellerMind.Infrastructure.dll" />
      <DeploymentItem filename="c:\users\javi\documents\visual studio 2010\Projects\TravellerMind\TravellerMind\bin\TravellerMind.Web.dll" />
      <DeploymentItem filename="C:\Users\Javi\documents\visual studio 2010\Projects\TravellerMind\libraries\RhinoMocks\Rhino.Mocks.dll" />
    </Deployment>
    <Execution>
      <TestTypeSpecific />
      <AgentRule name="Execution Agents">
      </AgentRule>
    </Execution>
  </TestSettings>
  <Times creation="2010-11-20T15:23:46.5496882+01:00" queuing="2010-11-20T15:23:46.6506940+01:00" start="2010-11-20T15:23:46.6846959+01:00" finish="2010-11-20T15:23:47.3657349+01:00" />
  <ResultSummary outcome="Inconclusive">
    <Counters total="22" executed="22" passed="20" error="0" failed="0" timeout="0" aborted="0" inconclusive="2" passedButRunAborted="0" notRunnable="0" notExecuted="0" disconnected="0" warning="0" completed="0" inProgress="0" pending="0" />
  </ResultSummary>
  <TestDefinitions>
    <UnitTest name="LogOn_Post_ReturnsRedirectOnSuccess_WithReturnUrl" storage="c:\users\javi\documents\visual studio 2010\projects\travellermind\travellermind.tests\bin\debug\travellermind.tests.dll" id="ef1be392-533f-3115-3caa-2a6579c66d5e">
      <Execution id="89708742-64df-43cb-b104-1ee3a10e187d" />
      <TestMethod codeBase="C:/Users/Javi/documents/visual studio 2010/Projects/TravellerMind/TravellerMind.Tests/bin/Debug/TravellerMind.Tests.DLL" adapterTypeName="Microsoft.VisualStudio.TestTools.TestTypes.Unit.UnitTestAdapter, Microsoft.VisualStudio.QualityTools.Tips.UnitTest.Adapter, Version=10.0.0.0, Culture=neutral, PublicKeyToken=b03f5f7f11d50a3a" className="TravellerMind.Tests.Controllers.AccountControllerTest, TravellerMind.Tests, Version=1.0.0.0, Culture=neutral, PublicKeyToken=null" name="LogOn_Post_ReturnsRedirectOnSuccess_WithReturnUrl" />
    </UnitTest>
    <UnitTest name="ChangePassword_Post_ReturnsViewIfModelStateIsInvalid" storage="c:\users\javi\documents\visual studio 2010\projects\travellermind\travellermind.tests\bin\debug\travellermind.tests.dll" id="ac8402e8-6d2b-23b8-3ae7-c25a311e0818">
      <Execution id="fc995300-0679-41e9-8536-a25fe56a0f9d" />
      <TestMethod codeBase="C:/Users/Javi/documents/visual studio 2010/Projects/TravellerMind/TravellerMind.Tests/bin/Debug/TravellerMind.Tests.DLL" adapterTypeName="Microsoft.VisualStudio.TestTools.TestTypes.Unit.UnitTestAdapter, Microsoft.VisualStudio.QualityTools.Tips.UnitTest.Adapter, Version=10.0.0.0, Culture=neutral, PublicKeyToken=b03f5f7f11d50a3a" className="TravellerMind.Tests.Controllers.AccountControllerTest, TravellerMind.Tests, Version=1.0.0.0, Culture=neutral, PublicKeyToken=null" name="ChangePassword_Post_ReturnsViewIfModelStateIsInvalid" />
    </UnitTest>
    <UnitTest name="Index" storage="c:\users\javi\documents\visual studio 2010\projects\travellermind\travellermind.tests\bin\debug\travellermind.tests.dll" id="fd83e181-c551-a3c6-5eb3-b91cef938b9c">
      <Execution id="0770ad28-d39f-437f-b8f0-8691372ad834" />
      <TestMethod codeBase="C:/Users/Javi/documents/visual studio 2010/Projects/TravellerMind/TravellerMind.Tests/bin/Debug/TravellerMind.Tests.DLL" adapterTypeName="Microsoft.VisualStudio.TestTools.TestTypes.Unit.UnitTestAdapter, Microsoft.VisualStudio.QualityTools.Tips.UnitTest.Adapter, Version=10.0.0.0, Culture=neutral, PublicKeyToken=b03f5f7f11d50a3a" className="TravellerMind.Tests.Controllers.HomeControllerTest, TravellerMind.Tests, Version=1.0.0.0, Culture=neutral, PublicKeyToken=null" name="Index" />
    </UnitTest>
    <UnitTest name="Searcher_SearchIsNotNull" storage="c:\users\javi\documents\visual studio 2010\projects\travellermind\travellermind.tests\bin\debug\travellermind.tests.dll" id="6ed7e016-2c48-b485-af35-b622d8f5528b">
      <Execution id="97a368d9-67a4-4d1c-8474-b79cea9015d9" />
      <TestMethod codeBase="C:/Users/Javi/documents/visual studio 2010/Projects/TravellerMind/TravellerMind.Tests/bin/Debug/TravellerMind.Tests.DLL" adapterTypeName="Microsoft.VisualStudio.TestTools.TestTypes.Unit.UnitTestAdapter, Microsoft.VisualStudio.QualityTools.Tips.UnitTest.Adapter, Version=10.0.0.0, Culture=neutral, PublicKeyToken=b03f5f7f11d50a3a" className="TravellerMind.Tests.Controllers.SearcherControllerTest, TravellerMind.Tests, Version=1.0.0.0, Culture=neutral, PublicKeyToken=null" name="Searcher_SearchIsNotNull" />
    </UnitTest>
    <UnitTest name="Register_Post_ReturnsViewIfModelStateIsInvalid" storage="c:\users\javi\documents\visual studio 2010\projects\travellermind\travellermind.tests\bin\debug\travellermind.tests.dll" id="e2af2074-6186-43a3-7741-2b57f15a109a">
      <Execution id="759a0b39-5888-469e-9b4a-e9e7349c3f27" />
      <TestMethod codeBase="C:/Users/Javi/documents/visual studio 2010/Projects/TravellerMind/TravellerMind.Tests/bin/Debug/TravellerMind.Tests.DLL" adapterTypeName="Microsoft.VisualStudio.TestTools.TestTypes.Unit.UnitTestAdapter, Microsoft.VisualStudio.QualityTools.Tips.UnitTest.Adapter, Version=10.0.0.0, Culture=neutral, PublicKeyToken=b03f5f7f11d50a3a" className="TravellerMind.Tests.Controllers.AccountControllerTest, TravellerMind.Tests, Version=1.0.0.0, Culture=neutral, PublicKeyToken=null" name="Register_Post_ReturnsViewIfModelStateIsInvalid" />
    </UnitTest>
    <UnitTest name="LogOff_LogsOutAndRedirects" storage="c:\users\javi\documents\visual studio 2010\projects\travellermind\travellermind.tests\bin\debug\travellermind.tests.dll" id="ebc23c69-09fa-ba61-597a-bd979a25ade3">
      <Execution id="a3a5b60a-4e59-4fe0-9a7e-4040553a3df7" />
      <TestMethod codeBase="C:/Users/Javi/documents/visual studio 2010/Projects/TravellerMind/TravellerMind.Tests/bin/Debug/TravellerMind.Tests.DLL" adapterTypeName="Microsoft.VisualStudio.TestTools.TestTypes.Unit.UnitTestAdapter, Microsoft.VisualStudio.QualityTools.Tips.UnitTest.Adapter, Version=10.0.0.0, Culture=neutral, PublicKeyToken=b03f5f7f11d50a3a" className="TravellerMind.Tests.Controllers.AccountControllerTest, TravellerMind.Tests, Version=1.0.0.0, Culture=neutral, PublicKeyToken=null" name="LogOff_LogsOutAndRedirects" />
    </UnitTest>
    <UnitTest name="Register_Get_ReturnsView" storage="c:\users\javi\documents\visual studio 2010\projects\travellermind\travellermind.tests\bin\debug\travellermind.tests.dll" id="ce3260ff-12ca-214f-e193-dc6a56d826aa">
      <Execution id="c367d5e8-37b5-4fa0-9d3c-bedf37289eb0" />
      <TestMethod codeBase="C:/Users/Javi/documents/visual studio 2010/Projects/TravellerMind/TravellerMind.Tests/bin/Debug/TravellerMind.Tests.DLL" adapterTypeName="Microsoft.VisualStudio.TestTools.TestTypes.Unit.UnitTestAdapter, Microsoft.VisualStudio.QualityTools.Tips.UnitTest.Adapter, Version=10.0.0.0, Culture=neutral, PublicKeyToken=b03f5f7f11d50a3a" className="TravellerMind.Tests.Controllers.AccountControllerTest, TravellerMind.Tests, Version=1.0.0.0, Culture=neutral, PublicKeyToken=null" name="Register_Get_ReturnsView" />
    </UnitTest>
    <UnitTest name="LogOn_Post_ReturnsViewIfValidateUserFails" storage="c:\users\javi\documents\visual studio 2010\projects\travellermind\travellermind.tests\bin\debug\travellermind.tests.dll" id="e2008a8f-0cdc-8108-03b0-612fd62516f7">
      <Execution id="f57ce603-2496-4456-b956-38db98921f5d" />
      <TestMethod codeBase="C:/Users/Javi/documents/visual studio 2010/Projects/TravellerMind/TravellerMind.Tests/bin/Debug/TravellerMind.Tests.DLL" adapterTypeName="Microsoft.VisualStudio.TestTools.TestTypes.Unit.UnitTestAdapter, Microsoft.VisualStudio.QualityTools.Tips.UnitTest.Adapter, Version=10.0.0.0, Culture=neutral, PublicKeyToken=b03f5f7f11d50a3a" className="TravellerMind.Tests.Controllers.AccountControllerTest, TravellerMind.Tests, Version=1.0.0.0, Culture=neutral, PublicKeyToken=null" name="LogOn_Post_ReturnsViewIfValidateUserFails" />
    </UnitTest>
    <UnitTest name="Register_Post_ReturnsViewIfRegistrationFails" storage="c:\users\javi\documents\visual studio 2010\projects\travellermind\travellermind.tests\bin\debug\travellermind.tests.dll" id="e8c8b2b5-2007-e855-03da-6d2032ef5a80">
      <Execution id="03e7c86d-30f6-4cfc-879f-f7d0f4a17c34" />
      <TestMethod codeBase="C:/Users/Javi/documents/visual studio 2010/Projects/TravellerMind/TravellerMind.Tests/bin/Debug/TravellerMind.Tests.DLL" adapterTypeName="Microsoft.VisualStudio.TestTools.TestTypes.Unit.UnitTestAdapter, Microsoft.VisualStudio.QualityTools.Tips.UnitTest.Adapter, Version=10.0.0.0, Culture=neutral, PublicKeyToken=b03f5f7f11d50a3a" className="TravellerMind.Tests.Controllers.AccountControllerTest, TravellerMind.Tests, Version=1.0.0.0, Culture=neutral, PublicKeyToken=null" name="Register_Post_ReturnsViewIfRegistrationFails" />
    </UnitTest>
    <UnitTest name="ProfilesController_ProfilesRepositoryIsNotNull" storage="c:\users\javi\documents\visual studio 2010\projects\travellermind\travellermind.tests\bin\debug\travellermind.tests.dll" id="61f28dd2-e2cf-aed1-7fb7-f16f602b39f8">
      <Execution id="9c14d319-1f93-484a-9da4-50bfcdf83133" />
      <TestMethod codeBase="C:/Users/Javi/documents/visual studio 2010/Projects/TravellerMind/TravellerMind.Tests/bin/Debug/TravellerMind.Tests.DLL" adapterTypeName="Microsoft.VisualStudio.TestTools.TestTypes.Unit.UnitTestAdapter, Microsoft.VisualStudio.QualityTools.Tips.UnitTest.Adapter, Version=10.0.0.0, Culture=neutral, PublicKeyToken=b03f5f7f11d50a3a" className="TravellerMind.Tests.Controllers.ProfileControllerTest, TravellerMind.Tests, Version=1.0.0.0, Culture=neutral, PublicKeyToken=null" name="ProfilesController_ProfilesRepositoryIsNotNull" />
    </UnitTest>
    <UnitTest name="ChangePassword_Get_ReturnsView" storage="c:\users\javi\documents\visual studio 2010\projects\travellermind\travellermind.tests\bin\debug\travellermind.tests.dll" id="81873771-9fe3-0f87-7c01-aaa59f1bc07f">
      <Execution id="2dabc041-e23d-4747-808e-0d6af4585b45" />
      <TestMethod codeBase="C:/Users/Javi/documents/visual studio 2010/Projects/TravellerMind/TravellerMind.Tests/bin/Debug/TravellerMind.Tests.DLL" adapterTypeName="Microsoft.VisualStudio.TestTools.TestTypes.Unit.UnitTestAdapter, Microsoft.VisualStudio.QualityTools.Tips.UnitTest.Adapter, Version=10.0.0.0, Culture=neutral, PublicKeyToken=b03f5f7f11d50a3a" className="TravellerMind.Tests.Controllers.AccountControllerTest, TravellerMind.Tests, Version=1.0.0.0, Culture=neutral, PublicKeyToken=null" name="ChangePassword_Get_ReturnsView" />
    </UnitTest>
    <UnitTest name="Index_ReturnsAnEmptySearch" storage="c:\users\javi\documents\visual studio 2010\projects\travellermind\travellermind.tests\bin\debug\travellermind.tests.dll" id="a843fc17-0748-0b6e-4064-c9d7d44f8ee6">
      <Execution id="2b5923e0-48ac-4f3c-831b-e7c3a50e90ef" />
      <TestMethod codeBase="C:/Users/Javi/documents/visual studio 2010/Projects/TravellerMind/TravellerMind.Tests/bin/Debug/TravellerMind.Tests.DLL" adapterTypeName="Microsoft.VisualStudio.TestTools.TestTypes.Unit.UnitTestAdapter, Microsoft.VisualStudio.QualityTools.Tips.UnitTest.Adapter, Version=10.0.0.0, Culture=neutral, PublicKeyToken=b03f5f7f11d50a3a" className="TravellerMind.Tests.Controllers.SearcherControllerTest, TravellerMind.Tests, Version=1.0.0.0, Culture=neutral, PublicKeyToken=null" name="Index_ReturnsAnEmptySearch" />
    </UnitTest>
    <UnitTest name="Index_CallsToGetAllMethod" storage="c:\users\javi\documents\visual studio 2010\projects\travellermind\travellermind.tests\bin\debug\travellermind.tests.dll" id="85a1a4fe-1e62-016e-1bb6-5ccfab3a01e6">
      <Execution id="c6e42be7-ddef-4aca-8ff0-b91bbe2dd011" />
      <TestMethod codeBase="C:/Users/Javi/documents/visual studio 2010/Projects/TravellerMind/TravellerMind.Tests/bin/Debug/TravellerMind.Tests.DLL" adapterTypeName="Microsoft.VisualStudio.TestTools.TestTypes.Unit.UnitTestAdapter, Microsoft.VisualStudio.QualityTools.Tips.UnitTest.Adapter, Version=10.0.0.0, Culture=neutral, PublicKeyToken=b03f5f7f11d50a3a" className="TravellerMind.Tests.Controllers.ProfileControllerTest, TravellerMind.Tests, Version=1.0.0.0, Culture=neutral, PublicKeyToken=null" name="Index_CallsToGetAllMethod" />
    </UnitTest>
    <UnitTest name="Register_Post_ReturnsRedirectOnSuccess" storage="c:\users\javi\documents\visual studio 2010\projects\travellermind\travellermind.tests\bin\debug\travellermind.tests.dll" id="d3581637-0c3d-f8cb-e456-d23f5bc1619c">
      <Execution id="37108bfd-02ec-41b4-bb3a-62c28af51678" />
      <TestMethod codeBase="C:/Users/Javi/documents/visual studio 2010/Projects/TravellerMind/TravellerMind.Tests/bin/Debug/TravellerMind.Tests.DLL" adapterTypeName="Microsoft.VisualStudio.TestTools.TestTypes.Unit.UnitTestAdapter, Microsoft.VisualStudio.QualityTools.Tips.UnitTest.Adapter, Version=10.0.0.0, Culture=neutral, PublicKeyToken=b03f5f7f11d50a3a" className="TravellerMind.Tests.Controllers.AccountControllerTest, TravellerMind.Tests, Version=1.0.0.0, Culture=neutral, PublicKeyToken=null" name="Register_Post_ReturnsRedirectOnSuccess" />
    </UnitTest>
    <UnitTest name="LogOn_Post_ReturnsViewIfModelStateIsInvalid" storage="c:\users\javi\documents\visual studio 2010\projects\travellermind\travellermind.tests\bin\debug\travellermind.tests.dll" id="881b000d-b279-580f-6b1e-6829a9e8c2ed">
      <Execution id="e75125e4-9649-4729-9ee1-1fd3bc8f769b" />
      <TestMethod codeBase="C:/Users/Javi/documents/visual studio 2010/Projects/TravellerMind/TravellerMind.Tests/bin/Debug/TravellerMind.Tests.DLL" adapterTypeName="Microsoft.VisualStudio.TestTools.TestTypes.Unit.UnitTestAdapter, Microsoft.VisualStudio.QualityTools.Tips.UnitTest.Adapter, Version=10.0.0.0, Culture=neutral, PublicKeyToken=b03f5f7f11d50a3a" className="TravellerMind.Tests.Controllers.AccountControllerTest, TravellerMind.Tests, Version=1.0.0.0, Culture=neutral, PublicKeyToken=null" name="LogOn_Post_ReturnsViewIfModelStateIsInvalid" />
    </UnitTest>
    <UnitTest name="LogOn_Get_ReturnsView" storage="c:\users\javi\documents\visual studio 2010\projects\travellermind\travellermind.tests\bin\debug\travellermind.tests.dll" id="0b91ed8f-758e-ce8f-a5a0-42fcdba43eec">
      <Execution id="462b0bc8-7ca2-4449-887b-e2298cbaf881" />
      <TestMethod codeBase="C:/Users/Javi/documents/visual studio 2010/Projects/TravellerMind/TravellerMind.Tests/bin/Debug/TravellerMind.Tests.DLL" adapterTypeName="Microsoft.VisualStudio.TestTools.TestTypes.Unit.UnitTestAdapter, Microsoft.VisualStudio.QualityTools.Tips.UnitTest.Adapter, Version=10.0.0.0, Culture=neutral, PublicKeyToken=b03f5f7f11d50a3a" className="TravellerMind.Tests.Controllers.AccountControllerTest, TravellerMind.Tests, Version=1.0.0.0, Culture=neutral, PublicKeyToken=null" name="LogOn_Get_ReturnsView" />
    </UnitTest>
    <UnitTest name="Index_ReturnsTheProfilesList" storage="c:\users\javi\documents\visual studio 2010\projects\travellermind\travellermind.tests\bin\debug\travellermind.tests.dll" id="ff01fa7f-3c72-140a-322a-c5220f494319">
      <Execution id="11215a9d-2491-4557-bae4-5465cf88a57a" />
      <TestMethod codeBase="C:/Users/Javi/documents/visual studio 2010/Projects/TravellerMind/TravellerMind.Tests/bin/Debug/TravellerMind.Tests.DLL" adapterTypeName="Microsoft.VisualStudio.TestTools.TestTypes.Unit.UnitTestAdapter, Microsoft.VisualStudio.QualityTools.Tips.UnitTest.Adapter, Version=10.0.0.0, Culture=neutral, PublicKeyToken=b03f5f7f11d50a3a" className="TravellerMind.Tests.Controllers.ProfileControllerTest, TravellerMind.Tests, Version=1.0.0.0, Culture=neutral, PublicKeyToken=null" name="Index_ReturnsTheProfilesList" />
    </UnitTest>
    <UnitTest name="ChangePassword_Post_ReturnsRedirectOnSuccess" storage="c:\users\javi\documents\visual studio 2010\projects\travellermind\travellermind.tests\bin\debug\travellermind.tests.dll" id="a828b198-62e4-69e2-0e7c-6af99e23db17">
      <Execution id="072151ea-73bc-424a-a55f-29de27394f6b" />
      <TestMethod codeBase="C:/Users/Javi/documents/visual studio 2010/Projects/TravellerMind/TravellerMind.Tests/bin/Debug/TravellerMind.Tests.DLL" adapterTypeName="Microsoft.VisualStudio.TestTools.TestTypes.Unit.UnitTestAdapter, Microsoft.VisualStudio.QualityTools.Tips.UnitTest.Adapter, Version=10.0.0.0, Culture=neutral, PublicKeyToken=b03f5f7f11d50a3a" className="TravellerMind.Tests.Controllers.AccountControllerTest, TravellerMind.Tests, Version=1.0.0.0, Culture=neutral, PublicKeyToken=null" name="ChangePassword_Post_ReturnsRedirectOnSuccess" />
    </UnitTest>
    <UnitTest name="ChangePasswordSuccess_ReturnsView" storage="c:\users\javi\documents\visual studio 2010\projects\travellermind\travellermind.tests\bin\debug\travellermind.tests.dll" id="a9a45bf3-ddbf-0c3e-39f9-41a5747c220b">
      <Execution id="ae4b5c31-9ff6-4e96-b68b-008531ac05f3" />
      <TestMethod codeBase="C:/Users/Javi/documents/visual studio 2010/Projects/TravellerMind/TravellerMind.Tests/bin/Debug/TravellerMind.Tests.DLL" adapterTypeName="Microsoft.VisualStudio.TestTools.TestTypes.Unit.UnitTestAdapter, Microsoft.VisualStudio.QualityTools.Tips.UnitTest.Adapter, Version=10.0.0.0, Culture=neutral, PublicKeyToken=b03f5f7f11d50a3a" className="TravellerMind.Tests.Controllers.AccountControllerTest, TravellerMind.Tests, Version=1.0.0.0, Culture=neutral, PublicKeyToken=null" name="ChangePasswordSuccess_ReturnsView" />
    </UnitTest>
    <UnitTest name="ChangePassword_Post_ReturnsViewIfChangePasswordFails" storage="c:\users\javi\documents\visual studio 2010\projects\travellermind\travellermind.tests\bin\debug\travellermind.tests.dll" id="623facad-a7bf-788d-4a37-7412b352bd5e">
      <Execution id="03624525-aab4-44cc-9d8c-e18626f8da6f" />
      <TestMethod codeBase="C:/Users/Javi/documents/visual studio 2010/Projects/TravellerMind/TravellerMind.Tests/bin/Debug/TravellerMind.Tests.DLL" adapterTypeName="Microsoft.VisualStudio.TestTools.TestTypes.Unit.UnitTestAdapter, Microsoft.VisualStudio.QualityTools.Tips.UnitTest.Adapter, Version=10.0.0.0, Culture=neutral, PublicKeyToken=b03f5f7f11d50a3a" className="TravellerMind.Tests.Controllers.AccountControllerTest, TravellerMind.Tests, Version=1.0.0.0, Culture=neutral, PublicKeyToken=null" name="ChangePassword_Post_ReturnsViewIfChangePasswordFails" />
    </UnitTest>
    <UnitTest name="About" storage="c:\users\javi\documents\visual studio 2010\projects\travellermind\travellermind.tests\bin\debug\travellermind.tests.dll" id="ab41cad7-0569-024e-6bf1-9f3534215206">
      <Execution id="610b723a-11bd-4607-9b93-8293b4c78940" />
      <TestMethod codeBase="C:/Users/Javi/documents/visual studio 2010/Projects/TravellerMind/TravellerMind.Tests/bin/Debug/TravellerMind.Tests.DLL" adapterTypeName="Microsoft.VisualStudio.TestTools.TestTypes.Unit.UnitTestAdapter, Microsoft.VisualStudio.QualityTools.Tips.UnitTest.Adapter, Version=10.0.0.0, Culture=neutral, PublicKeyToken=b03f5f7f11d50a3a" className="TravellerMind.Tests.Controllers.HomeControllerTest, TravellerMind.Tests, Version=1.0.0.0, Culture=neutral, PublicKeyToken=null" name="About" />
    </UnitTest>
    <UnitTest name="LogOn_Post_ReturnsRedirectOnSuccess_WithoutReturnUrl" storage="c:\users\javi\documents\visual studio 2010\projects\travellermind\travellermind.tests\bin\debug\travellermind.tests.dll" id="7e641361-7495-7971-eee7-7c2d78e0205d">
      <Execution id="707ec410-6e4a-475c-b7dc-e73271f346c2" />
      <TestMethod codeBase="C:/Users/Javi/documents/visual studio 2010/Projects/TravellerMind/TravellerMind.Tests/bin/Debug/TravellerMind.Tests.DLL" adapterTypeName="Microsoft.VisualStudio.TestTools.TestTypes.Unit.UnitTestAdapter, Microsoft.VisualStudio.QualityTools.Tips.UnitTest.Adapter, Version=10.0.0.0, Culture=neutral, PublicKeyToken=b03f5f7f11d50a3a" className="TravellerMind.Tests.Controllers.AccountControllerTest, TravellerMind.Tests, Version=1.0.0.0, Culture=neutral, PublicKeyToken=null" name="LogOn_Post_ReturnsRedirectOnSuccess_WithoutReturnUrl" />
    </UnitTest>
  </TestDefinitions>
  <TestLists>
    <TestList name="Results Not in a List" id="8c84fa94-04c1-424b-9868-57a2d4851a1d" />
    <TestList name="All Loaded Results" id="19431567-8539-422a-85d7-44ee4e166bda" />
  </TestLists>
  <TestEntries>
    <TestEntry testId="fd83e181-c551-a3c6-5eb3-b91cef938b9c" executionId="0770ad28-d39f-437f-b8f0-8691372ad834" testListId="8c84fa94-04c1-424b-9868-57a2d4851a1d" />
    <TestEntry testId="ff01fa7f-3c72-140a-322a-c5220f494319" executionId="11215a9d-2491-4557-bae4-5465cf88a57a" testListId="8c84fa94-04c1-424b-9868-57a2d4851a1d" />
    <TestEntry testId="e2008a8f-0cdc-8108-03b0-612fd62516f7" executionId="f57ce603-2496-4456-b956-38db98921f5d" testListId="8c84fa94-04c1-424b-9868-57a2d4851a1d" />
    <TestEntry testId="6ed7e016-2c48-b485-af35-b622d8f5528b" executionId="97a368d9-67a4-4d1c-8474-b79cea9015d9" testListId="8c84fa94-04c1-424b-9868-57a2d4851a1d" />
    <TestEntry testId="ce3260ff-12ca-214f-e193-dc6a56d826aa" executionId="c367d5e8-37b5-4fa0-9d3c-bedf37289eb0" testListId="8c84fa94-04c1-424b-9868-57a2d4851a1d" />
    <TestEntry testId="881b000d-b279-580f-6b1e-6829a9e8c2ed" executionId="e75125e4-9649-4729-9ee1-1fd3bc8f769b" testListId="8c84fa94-04c1-424b-9868-57a2d4851a1d" />
    <TestEntry testId="0b91ed8f-758e-ce8f-a5a0-42fcdba43eec" executionId="462b0bc8-7ca2-4449-887b-e2298cbaf881" testListId="8c84fa94-04c1-424b-9868-57a2d4851a1d" />
    <TestEntry testId="ac8402e8-6d2b-23b8-3ae7-c25a311e0818" executionId="fc995300-0679-41e9-8536-a25fe56a0f9d" testListId="8c84fa94-04c1-424b-9868-57a2d4851a1d" />
    <TestEntry testId="e8c8b2b5-2007-e855-03da-6d2032ef5a80" executionId="03e7c86d-30f6-4cfc-879f-f7d0f4a17c34" testListId="8c84fa94-04c1-424b-9868-57a2d4851a1d" />
    <TestEntry testId="7e641361-7495-7971-eee7-7c2d78e0205d" executionId="707ec410-6e4a-475c-b7dc-e73271f346c2" testListId="8c84fa94-04c1-424b-9868-57a2d4851a1d" />
    <TestEntry testId="ebc23c69-09fa-ba61-597a-bd979a25ade3" executionId="a3a5b60a-4e59-4fe0-9a7e-4040553a3df7" testListId="8c84fa94-04c1-424b-9868-57a2d4851a1d" />
    <TestEntry testId="81873771-9fe3-0f87-7c01-aaa59f1bc07f" executionId="2dabc041-e23d-4747-808e-0d6af4585b45" testListId="8c84fa94-04c1-424b-9868-57a2d4851a1d" />
    <TestEntry testId="ab41cad7-0569-024e-6bf1-9f3534215206" executionId="610b723a-11bd-4607-9b93-8293b4c78940" testListId="8c84fa94-04c1-424b-9868-57a2d4851a1d" />
    <TestEntry testId="61f28dd2-e2cf-aed1-7fb7-f16f602b39f8" executionId="9c14d319-1f93-484a-9da4-50bfcdf83133" testListId="8c84fa94-04c1-424b-9868-57a2d4851a1d" />
    <TestEntry testId="ef1be392-533f-3115-3caa-2a6579c66d5e" executionId="89708742-64df-43cb-b104-1ee3a10e187d" testListId="8c84fa94-04c1-424b-9868-57a2d4851a1d" />
    <TestEntry testId="a843fc17-0748-0b6e-4064-c9d7d44f8ee6" executionId="2b5923e0-48ac-4f3c-831b-e7c3a50e90ef" testListId="8c84fa94-04c1-424b-9868-57a2d4851a1d" />
    <TestEntry testId="a828b198-62e4-69e2-0e7c-6af99e23db17" executionId="072151ea-73bc-424a-a55f-29de27394f6b" testListId="8c84fa94-04c1-424b-9868-57a2d4851a1d" />
    <TestEntry testId="a9a45bf3-ddbf-0c3e-39f9-41a5747c220b" executionId="ae4b5c31-9ff6-4e96-b68b-008531ac05f3" testListId="8c84fa94-04c1-424b-9868-57a2d4851a1d" />
    <TestEntry testId="e2af2074-6186-43a3-7741-2b57f15a109a" executionId="759a0b39-5888-469e-9b4a-e9e7349c3f27" testListId="8c84fa94-04c1-424b-9868-57a2d4851a1d" />
    <TestEntry testId="623facad-a7bf-788d-4a37-7412b352bd5e" executionId="03624525-aab4-44cc-9d8c-e18626f8da6f" testListId="8c84fa94-04c1-424b-9868-57a2d4851a1d" />
    <TestEntry testId="d3581637-0c3d-f8cb-e456-d23f5bc1619c" executionId="37108bfd-02ec-41b4-bb3a-62c28af51678" testListId="8c84fa94-04c1-424b-9868-57a2d4851a1d" />
    <TestEntry testId="85a1a4fe-1e62-016e-1bb6-5ccfab3a01e6" executionId="c6e42be7-ddef-4aca-8ff0-b91bbe2dd011" testListId="8c84fa94-04c1-424b-9868-57a2d4851a1d" />
  </TestEntries>
  <Results>
    <UnitTestResult executionId="0770ad28-d39f-437f-b8f0-8691372ad834" testId="fd83e181-c551-a3c6-5eb3-b91cef938b9c" testName="Index" computerName="JAVI-PC" duration="00:00:00.0164914" startTime="2010-11-20T15:23:46.6916963+01:00" endTime="2010-11-20T15:23:46.9427107+01:00" testType="13cdc9d9-ddb5-4fa4-a97d-d965ccfc6d4b" outcome="Passed" testListId="8c84fa94-04c1-424b-9868-57a2d4851a1d" relativeResultsDirectory="0770ad28-d39f-437f-b8f0-8691372ad834">
    </UnitTestResult>
    <UnitTestResult executionId="11215a9d-2491-4557-bae4-5465cf88a57a" testId="ff01fa7f-3c72-140a-322a-c5220f494319" testName="Index_ReturnsTheProfilesList" computerName="JAVI-PC" duration="00:00:00.1840817" startTime="2010-11-20T15:23:46.9437108+01:00" endTime="2010-11-20T15:23:47.1317215+01:00" testType="13cdc9d9-ddb5-4fa4-a97d-d965ccfc6d4b" outcome="Passed" testListId="8c84fa94-04c1-424b-9868-57a2d4851a1d" relativeResultsDirectory="11215a9d-2491-4557-bae4-5465cf88a57a">
    </UnitTestResult>
    <UnitTestResult executionId="f57ce603-2496-4456-b956-38db98921f5d" testId="e2008a8f-0cdc-8108-03b0-612fd62516f7" testName="LogOn_Post_ReturnsViewIfValidateUserFails" computerName="JAVI-PC" duration="00:00:00.0589273" startTime="2010-11-20T15:23:47.1327216+01:00" endTime="2010-11-20T15:23:47.1967252+01:00" testType="13cdc9d9-ddb5-4fa4-a97d-d965ccfc6d4b" outcome="Passed" testListId="8c84fa94-04c1-424b-9868-57a2d4851a1d" relativeResultsDirectory="f57ce603-2496-4456-b956-38db98921f5d">
    </UnitTestResult>
    <UnitTestResult executionId="97a368d9-67a4-4d1c-8474-b79cea9015d9" testId="6ed7e016-2c48-b485-af35-b622d8f5528b" testName="Searcher_SearchIsNotNull" computerName="JAVI-PC" duration="00:00:00.0271322" startTime="2010-11-20T15:23:47.1987253+01:00" endTime="2010-11-20T15:23:47.2327273+01:00" testType="13cdc9d9-ddb5-4fa4-a97d-d965ccfc6d4b" outcome="Inconclusive" testListId="8c84fa94-04c1-424b-9868-57a2d4851a1d" relativeResultsDirectory="97a368d9-67a4-4d1c-8474-b79cea9015d9">
      <Output>
        <ErrorInfo>
          <Message>Assert.Inconclusive failed. Utilizar la dll TestTools del framework para obtener la propiedad privada</Message>
          <StackTrace>   at TravellerMind.Tests.Controllers.SearcherControllerTest.Searcher_SearchIsNotNull() in C:\Users\Javi\documents\visual studio 2010\Projects\TravellerMind\TravellerMind.Tests\Controllers\SearcherControllerTest.cs:line 21
</StackTrace>
        </ErrorInfo>
      </Output>
    </UnitTestResult>
    <UnitTestResult executionId="c367d5e8-37b5-4fa0-9d3c-bedf37289eb0" testId="ce3260ff-12ca-214f-e193-dc6a56d826aa" testName="Register_Get_ReturnsView" computerName="JAVI-PC" duration="00:00:00.0004352" startTime="2010-11-20T15:23:47.2337274+01:00" endTime="2010-11-20T15:23:47.2377276+01:00" testType="13cdc9d9-ddb5-4fa4-a97d-d965ccfc6d4b" outcome="Passed" testListId="8c84fa94-04c1-424b-9868-57a2d4851a1d" relativeResultsDirectory="c367d5e8-37b5-4fa0-9d3c-bedf37289eb0">
    </UnitTestResult>
    <UnitTestResult executionId="e75125e4-9649-4729-9ee1-1fd3bc8f769b" testId="881b000d-b279-580f-6b1e-6829a9e8c2ed" testName="LogOn_Post_ReturnsViewIfModelStateIsInvalid" computerName="JAVI-PC" duration="00:00:00.0004509" startTime="2010-11-20T15:23:47.2387276+01:00" endTime="2010-11-20T15:23:47.2427279+01:00" testType="13cdc9d9-ddb5-4fa4-a97d-d965ccfc6d4b" outcome="Passed" testListId="8c84fa94-04c1-424b-9868-57a2d4851a1d" relativeResultsDirectory="e75125e4-9649-4729-9ee1-1fd3bc8f769b">
    </UnitTestResult>
    <UnitTestResult executionId="462b0bc8-7ca2-4449-887b-e2298cbaf881" testId="0b91ed8f-758e-ce8f-a5a0-42fcdba43eec" testName="LogOn_Get_ReturnsView" computerName="JAVI-PC" duration="00:00:00.0002333" startTime="2010-11-20T15:23:47.2447280+01:00" endTime="2010-11-20T15:23:47.2487282+01:00" testType="13cdc9d9-ddb5-4fa4-a97d-d965ccfc6d4b" outcome="Passed" testListId="8c84fa94-04c1-424b-9868-57a2d4851a1d" relativeResultsDirectory="462b0bc8-7ca2-4449-887b-e2298cbaf881">
    </UnitTestResult>
    <UnitTestResult executionId="fc995300-0679-41e9-8536-a25fe56a0f9d" testId="ac8402e8-6d2b-23b8-3ae7-c25a311e0818" testName="ChangePassword_Post_ReturnsViewIfModelStateIsInvalid" computerName="JAVI-PC" duration="00:00:00.0008968" startTime="2010-11-20T15:23:47.2497283+01:00" endTime="2010-11-20T15:23:47.2537285+01:00" testType="13cdc9d9-ddb5-4fa4-a97d-d965ccfc6d4b" outcome="Passed" testListId="8c84fa94-04c1-424b-9868-57a2d4851a1d" relativeResultsDirectory="fc995300-0679-41e9-8536-a25fe56a0f9d">
    </UnitTestResult>
    <UnitTestResult executionId="03e7c86d-30f6-4cfc-879f-f7d0f4a17c34" testId="e8c8b2b5-2007-e855-03da-6d2032ef5a80" testName="Register_Post_ReturnsViewIfRegistrationFails" computerName="JAVI-PC" duration="00:00:00.0011319" startTime="2010-11-20T15:23:47.2547286+01:00" endTime="2010-11-20T15:23:47.2597288+01:00" testType="13cdc9d9-ddb5-4fa4-a97d-d965ccfc6d4b" outcome="Passed" testListId="8c84fa94-04c1-424b-9868-57a2d4851a1d" relativeResultsDirectory="03e7c86d-30f6-4cfc-879f-f7d0f4a17c34">
    </UnitTestResult>
    <UnitTestResult executionId="707ec410-6e4a-475c-b7dc-e73271f346c2" testId="7e641361-7495-7971-eee7-7c2d78e0205d" testName="LogOn_Post_ReturnsRedirectOnSuccess_WithoutReturnUrl" computerName="JAVI-PC" duration="00:00:00.0023708" startTime="2010-11-20T15:23:47.2597288+01:00" endTime="2010-11-20T15:23:47.2657292+01:00" testType="13cdc9d9-ddb5-4fa4-a97d-d965ccfc6d4b" outcome="Passed" testListId="8c84fa94-04c1-424b-9868-57a2d4851a1d" relativeResultsDirectory="707ec410-6e4a-475c-b7dc-e73271f346c2">
    </UnitTestResult>
    <UnitTestResult executionId="a3a5b60a-4e59-4fe0-9a7e-4040553a3df7" testId="ebc23c69-09fa-ba61-597a-bd979a25ade3" testName="LogOff_LogsOutAndRedirects" computerName="JAVI-PC" duration="00:00:00.0003357" startTime="2010-11-20T15:23:47.2667292+01:00" endTime="2010-11-20T15:23:47.2707295+01:00" testType="13cdc9d9-ddb5-4fa4-a97d-d965ccfc6d4b" outcome="Passed" testListId="8c84fa94-04c1-424b-9868-57a2d4851a1d" relativeResultsDirectory="a3a5b60a-4e59-4fe0-9a7e-4040553a3df7">
    </UnitTestResult>
    <UnitTestResult executionId="2dabc041-e23d-4747-808e-0d6af4585b45" testId="81873771-9fe3-0f87-7c01-aaa59f1bc07f" testName="ChangePassword_Get_ReturnsView" computerName="JAVI-PC" duration="00:00:00.0003631" startTime="2010-11-20T15:23:47.2717295+01:00" endTime="2010-11-20T15:23:47.2747297+01:00" testType="13cdc9d9-ddb5-4fa4-a97d-d965ccfc6d4b" outcome="Passed" testListId="8c84fa94-04c1-424b-9868-57a2d4851a1d" relativeResultsDirectory="2dabc041-e23d-4747-808e-0d6af4585b45">
    </UnitTestResult>
    <UnitTestResult executionId="610b723a-11bd-4607-9b93-8293b4c78940" testId="ab41cad7-0569-024e-6bf1-9f3534215206" testName="About" computerName="JAVI-PC" duration="00:00:00.0001644" startTime="2010-11-20T15:23:47.2757298+01:00" endTime="2010-11-20T15:23:47.2787299+01:00" testType="13cdc9d9-ddb5-4fa4-a97d-d965ccfc6d4b" outcome="Passed" testListId="8c84fa94-04c1-424b-9868-57a2d4851a1d" relativeResultsDirectory="610b723a-11bd-4607-9b93-8293b4c78940">
    </UnitTestResult>
    <UnitTestResult executionId="9c14d319-1f93-484a-9da4-50bfcdf83133" testId="61f28dd2-e2cf-aed1-7fb7-f16f602b39f8" testName="ProfilesController_ProfilesRepositoryIsNotNull" computerName="JAVI-PC" duration="00:00:00.0005614" startTime="2010-11-20T15:23:47.2807300+01:00" endTime="2010-11-20T15:23:47.2837302+01:00" testType="13cdc9d9-ddb5-4fa4-a97d-d965ccfc6d4b" outcome="Inconclusive" testListId="8c84fa94-04c1-424b-9868-57a2d4851a1d" relativeResultsDirectory="9c14d319-1f93-484a-9da4-50bfcdf83133">
      <Output>
        <ErrorInfo>
          <Message>Assert.Inconclusive failed. Utilizar la dll TestTools del framework para obtener la propiedad privada</Message>
          <StackTrace>   at TravellerMind.Tests.Controllers.ProfileControllerTest.ProfilesController_ProfilesRepositoryIsNotNull() in C:\Users\Javi\documents\visual studio 2010\Projects\TravellerMind\TravellerMind.Tests\Controllers\ProfileControllerTest.cs:line 20
</StackTrace>
        </ErrorInfo>
      </Output>
    </UnitTestResult>
    <UnitTestResult executionId="89708742-64df-43cb-b104-1ee3a10e187d" testId="ef1be392-533f-3115-3caa-2a6579c66d5e" testName="LogOn_Post_ReturnsRedirectOnSuccess_WithReturnUrl" computerName="JAVI-PC" duration="00:00:00.0008866" startTime="2010-11-20T15:23:47.2847303+01:00" endTime="2010-11-20T15:23:47.2897306+01:00" testType="13cdc9d9-ddb5-4fa4-a97d-d965ccfc6d4b" outcome="Passed" testListId="8c84fa94-04c1-424b-9868-57a2d4851a1d" relativeResultsDirectory="89708742-64df-43cb-b104-1ee3a10e187d">
    </UnitTestResult>
    <UnitTestResult executionId="2b5923e0-48ac-4f3c-831b-e7c3a50e90ef" testId="a843fc17-0748-0b6e-4064-c9d7d44f8ee6" testName="Index_ReturnsAnEmptySearch" computerName="JAVI-PC" duration="00:00:00.0128519" startTime="2010-11-20T15:23:47.2897306+01:00" endTime="2010-11-20T15:23:47.3067315+01:00" testType="13cdc9d9-ddb5-4fa4-a97d-d965ccfc6d4b" outcome="Passed" testListId="8c84fa94-04c1-424b-9868-57a2d4851a1d" relativeResultsDirectory="2b5923e0-48ac-4f3c-831b-e7c3a50e90ef">
    </UnitTestResult>
    <UnitTestResult executionId="072151ea-73bc-424a-a55f-29de27394f6b" testId="a828b198-62e4-69e2-0e7c-6af99e23db17" testName="ChangePassword_Post_ReturnsRedirectOnSuccess" computerName="JAVI-PC" duration="00:00:00.0017864" startTime="2010-11-20T15:23:47.3077316+01:00" endTime="2010-11-20T15:23:47.3127319+01:00" testType="13cdc9d9-ddb5-4fa4-a97d-d965ccfc6d4b" outcome="Passed" testListId="8c84fa94-04c1-424b-9868-57a2d4851a1d" relativeResultsDirectory="072151ea-73bc-424a-a55f-29de27394f6b">
    </UnitTestResult>
    <UnitTestResult executionId="ae4b5c31-9ff6-4e96-b68b-008531ac05f3" testId="a9a45bf3-ddbf-0c3e-39f9-41a5747c220b" testName="ChangePasswordSuccess_ReturnsView" computerName="JAVI-PC" duration="00:00:00.0001749" startTime="2010-11-20T15:23:47.3137319+01:00" endTime="2010-11-20T15:23:47.3177322+01:00" testType="13cdc9d9-ddb5-4fa4-a97d-d965ccfc6d4b" outcome="Passed" testListId="8c84fa94-04c1-424b-9868-57a2d4851a1d" relativeResultsDirectory="ae4b5c31-9ff6-4e96-b68b-008531ac05f3">
    </UnitTestResult>
    <UnitTestResult executionId="759a0b39-5888-469e-9b4a-e9e7349c3f27" testId="e2af2074-6186-43a3-7741-2b57f15a109a" testName="Register_Post_ReturnsViewIfModelStateIsInvalid" computerName="JAVI-PC" duration="00:00:00.0002468" startTime="2010-11-20T15:23:47.3187322+01:00" endTime="2010-11-20T15:23:47.3217324+01:00" testType="13cdc9d9-ddb5-4fa4-a97d-d965ccfc6d4b" outcome="Passed" testListId="8c84fa94-04c1-424b-9868-57a2d4851a1d" relativeResultsDirectory="759a0b39-5888-469e-9b4a-e9e7349c3f27">
    </UnitTestResult>
    <UnitTestResult executionId="03624525-aab4-44cc-9d8c-e18626f8da6f" testId="623facad-a7bf-788d-4a37-7412b352bd5e" testName="ChangePassword_Post_ReturnsViewIfChangePasswordFails" computerName="JAVI-PC" duration="00:00:00.0003390" startTime="2010-11-20T15:23:47.3227324+01:00" endTime="2010-11-20T15:23:47.3267327+01:00" testType="13cdc9d9-ddb5-4fa4-a97d-d965ccfc6d4b" outcome="Passed" testListId="8c84fa94-04c1-424b-9868-57a2d4851a1d" relativeResultsDirectory="03624525-aab4-44cc-9d8c-e18626f8da6f">
    </UnitTestResult>
    <UnitTestResult executionId="37108bfd-02ec-41b4-bb3a-62c28af51678" testId="d3581637-0c3d-f8cb-e456-d23f5bc1619c" testName="Register_Post_ReturnsRedirectOnSuccess" computerName="JAVI-PC" duration="00:00:00.0002238" startTime="2010-11-20T15:23:47.3277327+01:00" endTime="2010-11-20T15:23:47.3307329+01:00" testType="13cdc9d9-ddb5-4fa4-a97d-d965ccfc6d4b" outcome="Passed" testListId="8c84fa94-04c1-424b-9868-57a2d4851a1d" relativeResultsDirectory="37108bfd-02ec-41b4-bb3a-62c28af51678">
    </UnitTestResult>
    <UnitTestResult executionId="c6e42be7-ddef-4aca-8ff0-b91bbe2dd011" testId="85a1a4fe-1e62-016e-1bb6-5ccfab3a01e6" testName="Index_CallsToGetAllMethod" computerName="JAVI-PC" duration="00:00:00.0065028" startTime="2010-11-20T15:23:47.3317330+01:00" endTime="2010-11-20T15:23:47.3407335+01:00" testType="13cdc9d9-ddb5-4fa4-a97d-d965ccfc6d4b" outcome="Passed" testListId="8c84fa94-04c1-424b-9868-57a2d4851a1d" relativeResultsDirectory="c6e42be7-ddef-4aca-8ff0-b91bbe2dd011">
    </UnitTestResult>
  </Results>
</TestRun>