<?xml version="1.0" encoding="UTF-8"?>
<TestRun id="776f9edd-14d9-4682-8f0d-ef6dcf4aed1c" name="Javi@JAVI-PC 2010-11-20 15:49:07" runUser="Javi-PC\Javi" xmlns="http://microsoft.com/schemas/VisualStudio/TeamTest/2010">
  <TestSettings name="Default Test Settings" id="7fdcfdf1-2b1c-4b83-a379-731a91c88129">
    <Deployment runDeploymentRoot="Javi_JAVI-PC 2010-11-20 15_49_07">
      <DeploymentItem filename="c:\users\javi\documents\visual studio 2010\Projects\TravellerMind\TravellerMind.Domain\bin\Debug\TravellerMind.Domain.dll" />
      <DeploymentItem filename="c:\users\javi\documents\visual studio 2010\Projects\TravellerMind\TravellerMind.Infrastructure\bin\TravellerMind.Infrastructure.dll" />
      <DeploymentItem filename="c:\users\javi\documents\visual studio 2010\Projects\TravellerMind\TravellerMind\bin\TravellerMind.Web.dll" />
      <DeploymentItem filename="C:\Users\Javi\documents\visual studio 2010\Projects\TravellerMind\libraries\RhinoMocks\Rhino.Mocks.dll" />
    </Deployment>
    <Execution>
      <TestTypeSpecific />
      <AgentRule name="Execution Agents">
      </AgentRule>
    </Execution>
  </TestSettings>
  <Times creation="2010-11-20T15:49:07.6352762+01:00" queuing="2010-11-20T15:49:07.7462826+01:00" start="2010-11-20T15:49:07.7582832+01:00" finish="2010-11-20T15:49:08.2183096+01:00" />
  <ResultSummary outcome="Inconclusive">
    <Counters total="21" executed="21" passed="19" error="0" failed="0" timeout="0" aborted="0" inconclusive="2" passedButRunAborted="0" notRunnable="0" notExecuted="0" disconnected="0" warning="0" completed="0" inProgress="0" pending="0" />
  </ResultSummary>
  <TestDefinitions>
    <UnitTest name="LogOn_Post_ReturnsRedirectOnSuccess_WithReturnUrl" storage="c:\users\javi\documents\visual studio 2010\projects\travellermind\travellermind.tests\bin\debug\travellermind.tests.dll" id="ef1be392-533f-3115-3caa-2a6579c66d5e">
      <Execution id="95fc003a-7da9-4d78-a6d7-1f5a4a1dedca" />
      <TestMethod codeBase="C:/Users/Javi/documents/visual studio 2010/Projects/TravellerMind/TravellerMind.Tests/bin/Debug/TravellerMind.Tests.DLL" adapterTypeName="Microsoft.VisualStudio.TestTools.TestTypes.Unit.UnitTestAdapter, Microsoft.VisualStudio.QualityTools.Tips.UnitTest.Adapter, Version=10.0.0.0, Culture=neutral, PublicKeyToken=b03f5f7f11d50a3a" className="TravellerMind.Tests.Controllers.AccountControllerTest, TravellerMind.Tests, Version=1.0.0.0, Culture=neutral, PublicKeyToken=null" name="LogOn_Post_ReturnsRedirectOnSuccess_WithReturnUrl" />
    </UnitTest>
    <UnitTest name="ChangePassword_Post_ReturnsViewIfModelStateIsInvalid" storage="c:\users\javi\documents\visual studio 2010\projects\travellermind\travellermind.tests\bin\debug\travellermind.tests.dll" id="ac8402e8-6d2b-23b8-3ae7-c25a311e0818">
      <Execution id="2de91a9e-b8ee-4e83-a35d-b80797daa134" />
      <TestMethod codeBase="C:/Users/Javi/documents/visual studio 2010/Projects/TravellerMind/TravellerMind.Tests/bin/Debug/TravellerMind.Tests.DLL" adapterTypeName="Microsoft.VisualStudio.TestTools.TestTypes.Unit.UnitTestAdapter, Microsoft.VisualStudio.QualityTools.Tips.UnitTest.Adapter, Version=10.0.0.0, Culture=neutral, PublicKeyToken=b03f5f7f11d50a3a" className="TravellerMind.Tests.Controllers.AccountControllerTest, TravellerMind.Tests, Version=1.0.0.0, Culture=neutral, PublicKeyToken=null" name="ChangePassword_Post_ReturnsViewIfModelStateIsInvalid" />
    </UnitTest>
    <UnitTest name="Index" storage="c:\users\javi\documents\visual studio 2010\projects\travellermind\travellermind.tests\bin\debug\travellermind.tests.dll" id="fd83e181-c551-a3c6-5eb3-b91cef938b9c">
      <Execution id="4efd7242-cdee-499f-a888-0a413b6ccc82" />
      <TestMethod codeBase="C:/Users/Javi/documents/visual studio 2010/Projects/TravellerMind/TravellerMind.Tests/bin/Debug/TravellerMind.Tests.DLL" adapterTypeName="Microsoft.VisualStudio.TestTools.TestTypes.Unit.UnitTestAdapter, Microsoft.VisualStudio.QualityTools.Tips.UnitTest.Adapter, Version=10.0.0.0, Culture=neutral, PublicKeyToken=b03f5f7f11d50a3a" className="TravellerMind.Tests.Controllers.HomeControllerTest, TravellerMind.Tests, Version=1.0.0.0, Culture=neutral, PublicKeyToken=null" name="Index" />
    </UnitTest>
    <UnitTest name="Searcher_SearchIsNotNull" storage="c:\users\javi\documents\visual studio 2010\projects\travellermind\travellermind.tests\bin\debug\travellermind.tests.dll" id="6ed7e016-2c48-b485-af35-b622d8f5528b">
      <Execution id="f1d7699f-45fe-48da-934a-9a08d45e0ae7" />
      <TestMethod codeBase="C:/Users/Javi/documents/visual studio 2010/Projects/TravellerMind/TravellerMind.Tests/bin/Debug/TravellerMind.Tests.DLL" adapterTypeName="Microsoft.VisualStudio.TestTools.TestTypes.Unit.UnitTestAdapter, Microsoft.VisualStudio.QualityTools.Tips.UnitTest.Adapter, Version=10.0.0.0, Culture=neutral, PublicKeyToken=b03f5f7f11d50a3a" className="TravellerMind.Tests.Controllers.SearcherControllerTest, TravellerMind.Tests, Version=1.0.0.0, Culture=neutral, PublicKeyToken=null" name="Searcher_SearchIsNotNull" />
    </UnitTest>
    <UnitTest name="Register_Post_ReturnsViewIfModelStateIsInvalid" storage="c:\users\javi\documents\visual studio 2010\projects\travellermind\travellermind.tests\bin\debug\travellermind.tests.dll" id="e2af2074-6186-43a3-7741-2b57f15a109a">
      <Execution id="7de80403-dccf-4133-8402-578ae63c4423" />
      <TestMethod codeBase="C:/Users/Javi/documents/visual studio 2010/Projects/TravellerMind/TravellerMind.Tests/bin/Debug/TravellerMind.Tests.DLL" adapterTypeName="Microsoft.VisualStudio.TestTools.TestTypes.Unit.UnitTestAdapter, Microsoft.VisualStudio.QualityTools.Tips.UnitTest.Adapter, Version=10.0.0.0, Culture=neutral, PublicKeyToken=b03f5f7f11d50a3a" className="TravellerMind.Tests.Controllers.AccountControllerTest, TravellerMind.Tests, Version=1.0.0.0, Culture=neutral, PublicKeyToken=null" name="Register_Post_ReturnsViewIfModelStateIsInvalid" />
    </UnitTest>
    <UnitTest name="LogOff_LogsOutAndRedirects" storage="c:\users\javi\documents\visual studio 2010\projects\travellermind\travellermind.tests\bin\debug\travellermind.tests.dll" id="ebc23c69-09fa-ba61-597a-bd979a25ade3">
      <Execution id="39fb4c48-9bbc-4f65-b293-a9ceadbd5983" />
      <TestMethod codeBase="C:/Users/Javi/documents/visual studio 2010/Projects/TravellerMind/TravellerMind.Tests/bin/Debug/TravellerMind.Tests.DLL" adapterTypeName="Microsoft.VisualStudio.TestTools.TestTypes.Unit.UnitTestAdapter, Microsoft.VisualStudio.QualityTools.Tips.UnitTest.Adapter, Version=10.0.0.0, Culture=neutral, PublicKeyToken=b03f5f7f11d50a3a" className="TravellerMind.Tests.Controllers.AccountControllerTest, TravellerMind.Tests, Version=1.0.0.0, Culture=neutral, PublicKeyToken=null" name="LogOff_LogsOutAndRedirects" />
    </UnitTest>
    <UnitTest name="Register_Get_ReturnsView" storage="c:\users\javi\documents\visual studio 2010\projects\travellermind\travellermind.tests\bin\debug\travellermind.tests.dll" id="ce3260ff-12ca-214f-e193-dc6a56d826aa">
      <Execution id="2a21da41-02f3-418f-a119-e315415507da" />
      <TestMethod codeBase="C:/Users/Javi/documents/visual studio 2010/Projects/TravellerMind/TravellerMind.Tests/bin/Debug/TravellerMind.Tests.DLL" adapterTypeName="Microsoft.VisualStudio.TestTools.TestTypes.Unit.UnitTestAdapter, Microsoft.VisualStudio.QualityTools.Tips.UnitTest.Adapter, Version=10.0.0.0, Culture=neutral, PublicKeyToken=b03f5f7f11d50a3a" className="TravellerMind.Tests.Controllers.AccountControllerTest, TravellerMind.Tests, Version=1.0.0.0, Culture=neutral, PublicKeyToken=null" name="Register_Get_ReturnsView" />
    </UnitTest>
    <UnitTest name="LogOn_Post_ReturnsViewIfValidateUserFails" storage="c:\users\javi\documents\visual studio 2010\projects\travellermind\travellermind.tests\bin\debug\travellermind.tests.dll" id="e2008a8f-0cdc-8108-03b0-612fd62516f7">
      <Execution id="0d7e6f26-822b-4f75-a9d2-89ee9fe6b672" />
      <TestMethod codeBase="C:/Users/Javi/documents/visual studio 2010/Projects/TravellerMind/TravellerMind.Tests/bin/Debug/TravellerMind.Tests.DLL" adapterTypeName="Microsoft.VisualStudio.TestTools.TestTypes.Unit.UnitTestAdapter, Microsoft.VisualStudio.QualityTools.Tips.UnitTest.Adapter, Version=10.0.0.0, Culture=neutral, PublicKeyToken=b03f5f7f11d50a3a" className="TravellerMind.Tests.Controllers.AccountControllerTest, TravellerMind.Tests, Version=1.0.0.0, Culture=neutral, PublicKeyToken=null" name="LogOn_Post_ReturnsViewIfValidateUserFails" />
    </UnitTest>
    <UnitTest name="Register_Post_ReturnsViewIfRegistrationFails" storage="c:\users\javi\documents\visual studio 2010\projects\travellermind\travellermind.tests\bin\debug\travellermind.tests.dll" id="e8c8b2b5-2007-e855-03da-6d2032ef5a80">
      <Execution id="417a0ce6-2212-4737-b332-d24647f628ad" />
      <TestMethod codeBase="C:/Users/Javi/documents/visual studio 2010/Projects/TravellerMind/TravellerMind.Tests/bin/Debug/TravellerMind.Tests.DLL" adapterTypeName="Microsoft.VisualStudio.TestTools.TestTypes.Unit.UnitTestAdapter, Microsoft.VisualStudio.QualityTools.Tips.UnitTest.Adapter, Version=10.0.0.0, Culture=neutral, PublicKeyToken=b03f5f7f11d50a3a" className="TravellerMind.Tests.Controllers.AccountControllerTest, TravellerMind.Tests, Version=1.0.0.0, Culture=neutral, PublicKeyToken=null" name="Register_Post_ReturnsViewIfRegistrationFails" />
    </UnitTest>
    <UnitTest name="ProfilesController_ProfilesRepositoryIsNotNull" storage="c:\users\javi\documents\visual studio 2010\projects\travellermind\travellermind.tests\bin\debug\travellermind.tests.dll" id="61f28dd2-e2cf-aed1-7fb7-f16f602b39f8">
      <Execution id="8abad2d5-7f96-4d5b-a775-cb54846a67c1" />
      <TestMethod codeBase="C:/Users/Javi/documents/visual studio 2010/Projects/TravellerMind/TravellerMind.Tests/bin/Debug/TravellerMind.Tests.DLL" adapterTypeName="Microsoft.VisualStudio.TestTools.TestTypes.Unit.UnitTestAdapter, Microsoft.VisualStudio.QualityTools.Tips.UnitTest.Adapter, Version=10.0.0.0, Culture=neutral, PublicKeyToken=b03f5f7f11d50a3a" className="TravellerMind.Tests.Controllers.ProfileControllerTest, TravellerMind.Tests, Version=1.0.0.0, Culture=neutral, PublicKeyToken=null" name="ProfilesController_ProfilesRepositoryIsNotNull" />
    </UnitTest>
    <UnitTest name="ChangePassword_Get_ReturnsView" storage="c:\users\javi\documents\visual studio 2010\projects\travellermind\travellermind.tests\bin\debug\travellermind.tests.dll" id="81873771-9fe3-0f87-7c01-aaa59f1bc07f">
      <Execution id="beac3bd6-0183-4bb7-b6fa-2c53c46bbff1" />
      <TestMethod codeBase="C:/Users/Javi/documents/visual studio 2010/Projects/TravellerMind/TravellerMind.Tests/bin/Debug/TravellerMind.Tests.DLL" adapterTypeName="Microsoft.VisualStudio.TestTools.TestTypes.Unit.UnitTestAdapter, Microsoft.VisualStudio.QualityTools.Tips.UnitTest.Adapter, Version=10.0.0.0, Culture=neutral, PublicKeyToken=b03f5f7f11d50a3a" className="TravellerMind.Tests.Controllers.AccountControllerTest, TravellerMind.Tests, Version=1.0.0.0, Culture=neutral, PublicKeyToken=null" name="ChangePassword_Get_ReturnsView" />
    </UnitTest>
    <UnitTest name="Index_CallsToGetAllMethod" storage="c:\users\javi\documents\visual studio 2010\projects\travellermind\travellermind.tests\bin\debug\travellermind.tests.dll" id="85a1a4fe-1e62-016e-1bb6-5ccfab3a01e6">
      <Execution id="e3283902-c08a-41cf-9fe6-78dae034c100" />
      <TestMethod codeBase="C:/Users/Javi/documents/visual studio 2010/Projects/TravellerMind/TravellerMind.Tests/bin/Debug/TravellerMind.Tests.DLL" adapterTypeName="Microsoft.VisualStudio.TestTools.TestTypes.Unit.UnitTestAdapter, Microsoft.VisualStudio.QualityTools.Tips.UnitTest.Adapter, Version=10.0.0.0, Culture=neutral, PublicKeyToken=b03f5f7f11d50a3a" className="TravellerMind.Tests.Controllers.ProfileControllerTest, TravellerMind.Tests, Version=1.0.0.0, Culture=neutral, PublicKeyToken=null" name="Index_CallsToGetAllMethod" />
    </UnitTest>
    <UnitTest name="Register_Post_ReturnsRedirectOnSuccess" storage="c:\users\javi\documents\visual studio 2010\projects\travellermind\travellermind.tests\bin\debug\travellermind.tests.dll" id="d3581637-0c3d-f8cb-e456-d23f5bc1619c">
      <Execution id="ad57126e-a383-4448-bfa1-71d0741ae1c5" />
      <TestMethod codeBase="C:/Users/Javi/documents/visual studio 2010/Projects/TravellerMind/TravellerMind.Tests/bin/Debug/TravellerMind.Tests.DLL" adapterTypeName="Microsoft.VisualStudio.TestTools.TestTypes.Unit.UnitTestAdapter, Microsoft.VisualStudio.QualityTools.Tips.UnitTest.Adapter, Version=10.0.0.0, Culture=neutral, PublicKeyToken=b03f5f7f11d50a3a" className="TravellerMind.Tests.Controllers.AccountControllerTest, TravellerMind.Tests, Version=1.0.0.0, Culture=neutral, PublicKeyToken=null" name="Register_Post_ReturnsRedirectOnSuccess" />
    </UnitTest>
    <UnitTest name="LogOn_Post_ReturnsViewIfModelStateIsInvalid" storage="c:\users\javi\documents\visual studio 2010\projects\travellermind\travellermind.tests\bin\debug\travellermind.tests.dll" id="881b000d-b279-580f-6b1e-6829a9e8c2ed">
      <Execution id="c2fc204a-ca36-4566-b413-a1c010ea9d85" />
      <TestMethod codeBase="C:/Users/Javi/documents/visual studio 2010/Projects/TravellerMind/TravellerMind.Tests/bin/Debug/TravellerMind.Tests.DLL" adapterTypeName="Microsoft.VisualStudio.TestTools.TestTypes.Unit.UnitTestAdapter, Microsoft.VisualStudio.QualityTools.Tips.UnitTest.Adapter, Version=10.0.0.0, Culture=neutral, PublicKeyToken=b03f5f7f11d50a3a" className="TravellerMind.Tests.Controllers.AccountControllerTest, TravellerMind.Tests, Version=1.0.0.0, Culture=neutral, PublicKeyToken=null" name="LogOn_Post_ReturnsViewIfModelStateIsInvalid" />
    </UnitTest>
    <UnitTest name="LogOn_Get_ReturnsView" storage="c:\users\javi\documents\visual studio 2010\projects\travellermind\travellermind.tests\bin\debug\travellermind.tests.dll" id="0b91ed8f-758e-ce8f-a5a0-42fcdba43eec">
      <Execution id="505c3547-33cd-4b37-901d-b7ba5d2ed70e" />
      <TestMethod codeBase="C:/Users/Javi/documents/visual studio 2010/Projects/TravellerMind/TravellerMind.Tests/bin/Debug/TravellerMind.Tests.DLL" adapterTypeName="Microsoft.VisualStudio.TestTools.TestTypes.Unit.UnitTestAdapter, Microsoft.VisualStudio.QualityTools.Tips.UnitTest.Adapter, Version=10.0.0.0, Culture=neutral, PublicKeyToken=b03f5f7f11d50a3a" className="TravellerMind.Tests.Controllers.AccountControllerTest, TravellerMind.Tests, Version=1.0.0.0, Culture=neutral, PublicKeyToken=null" name="LogOn_Get_ReturnsView" />
    </UnitTest>
    <UnitTest name="Index_ReturnsTheProfilesList" storage="c:\users\javi\documents\visual studio 2010\projects\travellermind\travellermind.tests\bin\debug\travellermind.tests.dll" id="ff01fa7f-3c72-140a-322a-c5220f494319">
      <Execution id="be0677de-88d9-42e5-bdcb-6bf1b71a4cb2" />
      <TestMethod codeBase="C:/Users/Javi/documents/visual studio 2010/Projects/TravellerMind/TravellerMind.Tests/bin/Debug/TravellerMind.Tests.DLL" adapterTypeName="Microsoft.VisualStudio.TestTools.TestTypes.Unit.UnitTestAdapter, Microsoft.VisualStudio.QualityTools.Tips.UnitTest.Adapter, Version=10.0.0.0, Culture=neutral, PublicKeyToken=b03f5f7f11d50a3a" className="TravellerMind.Tests.Controllers.ProfileControllerTest, TravellerMind.Tests, Version=1.0.0.0, Culture=neutral, PublicKeyToken=null" name="Index_ReturnsTheProfilesList" />
    </UnitTest>
    <UnitTest name="ChangePassword_Post_ReturnsRedirectOnSuccess" storage="c:\users\javi\documents\visual studio 2010\projects\travellermind\travellermind.tests\bin\debug\travellermind.tests.dll" id="a828b198-62e4-69e2-0e7c-6af99e23db17">
      <Execution id="c5ba2b7b-5b77-4a9c-b056-57cd7924a9ec" />
      <TestMethod codeBase="C:/Users/Javi/documents/visual studio 2010/Projects/TravellerMind/TravellerMind.Tests/bin/Debug/TravellerMind.Tests.DLL" adapterTypeName="Microsoft.VisualStudio.TestTools.TestTypes.Unit.UnitTestAdapter, Microsoft.VisualStudio.QualityTools.Tips.UnitTest.Adapter, Version=10.0.0.0, Culture=neutral, PublicKeyToken=b03f5f7f11d50a3a" className="TravellerMind.Tests.Controllers.AccountControllerTest, TravellerMind.Tests, Version=1.0.0.0, Culture=neutral, PublicKeyToken=null" name="ChangePassword_Post_ReturnsRedirectOnSuccess" />
    </UnitTest>
    <UnitTest name="ChangePasswordSuccess_ReturnsView" storage="c:\users\javi\documents\visual studio 2010\projects\travellermind\travellermind.tests\bin\debug\travellermind.tests.dll" id="a9a45bf3-ddbf-0c3e-39f9-41a5747c220b">
      <Execution id="da76b481-2754-4b08-bb8b-5afc75cafd4f" />
      <TestMethod codeBase="C:/Users/Javi/documents/visual studio 2010/Projects/TravellerMind/TravellerMind.Tests/bin/Debug/TravellerMind.Tests.DLL" adapterTypeName="Microsoft.VisualStudio.TestTools.TestTypes.Unit.UnitTestAdapter, Microsoft.VisualStudio.QualityTools.Tips.UnitTest.Adapter, Version=10.0.0.0, Culture=neutral, PublicKeyToken=b03f5f7f11d50a3a" className="TravellerMind.Tests.Controllers.AccountControllerTest, TravellerMind.Tests, Version=1.0.0.0, Culture=neutral, PublicKeyToken=null" name="ChangePasswordSuccess_ReturnsView" />
    </UnitTest>
    <UnitTest name="ChangePassword_Post_ReturnsViewIfChangePasswordFails" storage="c:\users\javi\documents\visual studio 2010\projects\travellermind\travellermind.tests\bin\debug\travellermind.tests.dll" id="623facad-a7bf-788d-4a37-7412b352bd5e">
      <Execution id="6ee9ce30-bacf-47ba-8008-6b34f7216b2d" />
      <TestMethod codeBase="C:/Users/Javi/documents/visual studio 2010/Projects/TravellerMind/TravellerMind.Tests/bin/Debug/TravellerMind.Tests.DLL" adapterTypeName="Microsoft.VisualStudio.TestTools.TestTypes.Unit.UnitTestAdapter, Microsoft.VisualStudio.QualityTools.Tips.UnitTest.Adapter, Version=10.0.0.0, Culture=neutral, PublicKeyToken=b03f5f7f11d50a3a" className="TravellerMind.Tests.Controllers.AccountControllerTest, TravellerMind.Tests, Version=1.0.0.0, Culture=neutral, PublicKeyToken=null" name="ChangePassword_Post_ReturnsViewIfChangePasswordFails" />
    </UnitTest>
    <UnitTest name="About" storage="c:\users\javi\documents\visual studio 2010\projects\travellermind\travellermind.tests\bin\debug\travellermind.tests.dll" id="ab41cad7-0569-024e-6bf1-9f3534215206">
      <Execution id="da228801-1ec9-49fc-a55a-3b7f4545084e" />
      <TestMethod codeBase="C:/Users/Javi/documents/visual studio 2010/Projects/TravellerMind/TravellerMind.Tests/bin/Debug/TravellerMind.Tests.DLL" adapterTypeName="Microsoft.VisualStudio.TestTools.TestTypes.Unit.UnitTestAdapter, Microsoft.VisualStudio.QualityTools.Tips.UnitTest.Adapter, Version=10.0.0.0, Culture=neutral, PublicKeyToken=b03f5f7f11d50a3a" className="TravellerMind.Tests.Controllers.HomeControllerTest, TravellerMind.Tests, Version=1.0.0.0, Culture=neutral, PublicKeyToken=null" name="About" />
    </UnitTest>
    <UnitTest name="LogOn_Post_ReturnsRedirectOnSuccess_WithoutReturnUrl" storage="c:\users\javi\documents\visual studio 2010\projects\travellermind\travellermind.tests\bin\debug\travellermind.tests.dll" id="7e641361-7495-7971-eee7-7c2d78e0205d">
      <Execution id="4bf1a286-e97f-4531-8b88-9d777357ec05" />
      <TestMethod codeBase="C:/Users/Javi/documents/visual studio 2010/Projects/TravellerMind/TravellerMind.Tests/bin/Debug/TravellerMind.Tests.DLL" adapterTypeName="Microsoft.VisualStudio.TestTools.TestTypes.Unit.UnitTestAdapter, Microsoft.VisualStudio.QualityTools.Tips.UnitTest.Adapter, Version=10.0.0.0, Culture=neutral, PublicKeyToken=b03f5f7f11d50a3a" className="TravellerMind.Tests.Controllers.AccountControllerTest, TravellerMind.Tests, Version=1.0.0.0, Culture=neutral, PublicKeyToken=null" name="LogOn_Post_ReturnsRedirectOnSuccess_WithoutReturnUrl" />
    </UnitTest>
  </TestDefinitions>
  <TestLists>
    <TestList name="Results Not in a List" id="8c84fa94-04c1-424b-9868-57a2d4851a1d" />
    <TestList name="All Loaded Results" id="19431567-8539-422a-85d7-44ee4e166bda" />
  </TestLists>
  <TestEntries>
    <TestEntry testId="fd83e181-c551-a3c6-5eb3-b91cef938b9c" executionId="4efd7242-cdee-499f-a888-0a413b6ccc82" testListId="8c84fa94-04c1-424b-9868-57a2d4851a1d" />
    <TestEntry testId="ff01fa7f-3c72-140a-322a-c5220f494319" executionId="be0677de-88d9-42e5-bdcb-6bf1b71a4cb2" testListId="8c84fa94-04c1-424b-9868-57a2d4851a1d" />
    <TestEntry testId="e2008a8f-0cdc-8108-03b0-612fd62516f7" executionId="0d7e6f26-822b-4f75-a9d2-89ee9fe6b672" testListId="8c84fa94-04c1-424b-9868-57a2d4851a1d" />
    <TestEntry testId="6ed7e016-2c48-b485-af35-b622d8f5528b" executionId="f1d7699f-45fe-48da-934a-9a08d45e0ae7" testListId="8c84fa94-04c1-424b-9868-57a2d4851a1d" />
    <TestEntry testId="ce3260ff-12ca-214f-e193-dc6a56d826aa" executionId="2a21da41-02f3-418f-a119-e315415507da" testListId="8c84fa94-04c1-424b-9868-57a2d4851a1d" />
    <TestEntry testId="881b000d-b279-580f-6b1e-6829a9e8c2ed" executionId="c2fc204a-ca36-4566-b413-a1c010ea9d85" testListId="8c84fa94-04c1-424b-9868-57a2d4851a1d" />
    <TestEntry testId="0b91ed8f-758e-ce8f-a5a0-42fcdba43eec" executionId="505c3547-33cd-4b37-901d-b7ba5d2ed70e" testListId="8c84fa94-04c1-424b-9868-57a2d4851a1d" />
    <TestEntry testId="ac8402e8-6d2b-23b8-3ae7-c25a311e0818" executionId="2de91a9e-b8ee-4e83-a35d-b80797daa134" testListId="8c84fa94-04c1-424b-9868-57a2d4851a1d" />
    <TestEntry testId="e8c8b2b5-2007-e855-03da-6d2032ef5a80" executionId="417a0ce6-2212-4737-b332-d24647f628ad" testListId="8c84fa94-04c1-424b-9868-57a2d4851a1d" />
    <TestEntry testId="7e641361-7495-7971-eee7-7c2d78e0205d" executionId="4bf1a286-e97f-4531-8b88-9d777357ec05" testListId="8c84fa94-04c1-424b-9868-57a2d4851a1d" />
    <TestEntry testId="ebc23c69-09fa-ba61-597a-bd979a25ade3" executionId="39fb4c48-9bbc-4f65-b293-a9ceadbd5983" testListId="8c84fa94-04c1-424b-9868-57a2d4851a1d" />
    <TestEntry testId="81873771-9fe3-0f87-7c01-aaa59f1bc07f" executionId="beac3bd6-0183-4bb7-b6fa-2c53c46bbff1" testListId="8c84fa94-04c1-424b-9868-57a2d4851a1d" />
    <TestEntry testId="ab41cad7-0569-024e-6bf1-9f3534215206" executionId="da228801-1ec9-49fc-a55a-3b7f4545084e" testListId="8c84fa94-04c1-424b-9868-57a2d4851a1d" />
    <TestEntry testId="61f28dd2-e2cf-aed1-7fb7-f16f602b39f8" executionId="8abad2d5-7f96-4d5b-a775-cb54846a67c1" testListId="8c84fa94-04c1-424b-9868-57a2d4851a1d" />
    <TestEntry testId="ef1be392-533f-3115-3caa-2a6579c66d5e" executionId="95fc003a-7da9-4d78-a6d7-1f5a4a1dedca" testListId="8c84fa94-04c1-424b-9868-57a2d4851a1d" />
    <TestEntry testId="a828b198-62e4-69e2-0e7c-6af99e23db17" executionId="c5ba2b7b-5b77-4a9c-b056-57cd7924a9ec" testListId="8c84fa94-04c1-424b-9868-57a2d4851a1d" />
    <TestEntry testId="a9a45bf3-ddbf-0c3e-39f9-41a5747c220b" executionId="da76b481-2754-4b08-bb8b-5afc75cafd4f" testListId="8c84fa94-04c1-424b-9868-57a2d4851a1d" />
    <TestEntry testId="e2af2074-6186-43a3-7741-2b57f15a109a" executionId="7de80403-dccf-4133-8402-578ae63c4423" testListId="8c84fa94-04c1-424b-9868-57a2d4851a1d" />
    <TestEntry testId="623facad-a7bf-788d-4a37-7412b352bd5e" executionId="6ee9ce30-bacf-47ba-8008-6b34f7216b2d" testListId="8c84fa94-04c1-424b-9868-57a2d4851a1d" />
    <TestEntry testId="d3581637-0c3d-f8cb-e456-d23f5bc1619c" executionId="ad57126e-a383-4448-bfa1-71d0741ae1c5" testListId="8c84fa94-04c1-424b-9868-57a2d4851a1d" />
    <TestEntry testId="85a1a4fe-1e62-016e-1bb6-5ccfab3a01e6" executionId="e3283902-c08a-41cf-9fe6-78dae034c100" testListId="8c84fa94-04c1-424b-9868-57a2d4851a1d" />
  </TestEntries>
  <Results>
    <UnitTestResult executionId="4efd7242-cdee-499f-a888-0a413b6ccc82" testId="fd83e181-c551-a3c6-5eb3-b91cef938b9c" testName="Index" computerName="JAVI-PC" duration="00:00:00.0109521" startTime="2010-11-20T15:49:07.7592833+01:00" endTime="2010-11-20T15:49:07.9592947+01:00" testType="13cdc9d9-ddb5-4fa4-a97d-d965ccfc6d4b" outcome="Passed" testListId="8c84fa94-04c1-424b-9868-57a2d4851a1d" relativeResultsDirectory="4efd7242-cdee-499f-a888-0a413b6ccc82">
    </UnitTestResult>
    <UnitTestResult executionId="be0677de-88d9-42e5-bdcb-6bf1b71a4cb2" testId="ff01fa7f-3c72-140a-322a-c5220f494319" testName="Index_ReturnsTheProfilesList" computerName="JAVI-PC" duration="00:00:00.1372830" startTime="2010-11-20T15:49:07.9602948+01:00" endTime="2010-11-20T15:49:08.1003028+01:00" testType="13cdc9d9-ddb5-4fa4-a97d-d965ccfc6d4b" outcome="Passed" testListId="8c84fa94-04c1-424b-9868-57a2d4851a1d" relativeResultsDirectory="be0677de-88d9-42e5-bdcb-6bf1b71a4cb2">
    </UnitTestResult>
    <UnitTestResult executionId="0d7e6f26-822b-4f75-a9d2-89ee9fe6b672" testId="e2008a8f-0cdc-8108-03b0-612fd62516f7" testName="LogOn_Post_ReturnsViewIfValidateUserFails" computerName="JAVI-PC" duration="00:00:00.0023576" startTime="2010-11-20T15:49:08.1013029+01:00" endTime="2010-11-20T15:49:08.1073032+01:00" testType="13cdc9d9-ddb5-4fa4-a97d-d965ccfc6d4b" outcome="Passed" testListId="8c84fa94-04c1-424b-9868-57a2d4851a1d" relativeResultsDirectory="0d7e6f26-822b-4f75-a9d2-89ee9fe6b672">
    </UnitTestResult>
    <UnitTestResult executionId="f1d7699f-45fe-48da-934a-9a08d45e0ae7" testId="6ed7e016-2c48-b485-af35-b622d8f5528b" testName="Searcher_SearchIsNotNull" computerName="JAVI-PC" duration="00:00:00.0078882" startTime="2010-11-20T15:49:08.1083033+01:00" endTime="2010-11-20T15:49:08.1203039+01:00" testType="13cdc9d9-ddb5-4fa4-a97d-d965ccfc6d4b" outcome="Inconclusive" testListId="8c84fa94-04c1-424b-9868-57a2d4851a1d" relativeResultsDirectory="f1d7699f-45fe-48da-934a-9a08d45e0ae7">
      <Output>
        <ErrorInfo>
          <Message>Assert.Inconclusive failed. Utilizar la dll TestTools del framework para obtener la propiedad privada</Message>
          <StackTrace>   at TravellerMind.Tests.Controllers.SearcherControllerTest.Searcher_SearchIsNotNull() in C:\Users\Javi\documents\visual studio 2010\Projects\TravellerMind\TravellerMind.Tests\Controllers\SearcherControllerTest.cs:line 21
</StackTrace>
        </ErrorInfo>
      </Output>
    </UnitTestResult>
    <UnitTestResult executionId="2a21da41-02f3-418f-a119-e315415507da" testId="ce3260ff-12ca-214f-e193-dc6a56d826aa" testName="Register_Get_ReturnsView" computerName="JAVI-PC" duration="00:00:00.0003601" startTime="2010-11-20T15:49:08.1213040+01:00" endTime="2010-11-20T15:49:08.1253042+01:00" testType="13cdc9d9-ddb5-4fa4-a97d-d965ccfc6d4b" outcome="Passed" testListId="8c84fa94-04c1-424b-9868-57a2d4851a1d" relativeResultsDirectory="2a21da41-02f3-418f-a119-e315415507da">
    </UnitTestResult>
    <UnitTestResult executionId="c2fc204a-ca36-4566-b413-a1c010ea9d85" testId="881b000d-b279-580f-6b1e-6829a9e8c2ed" testName="LogOn_Post_ReturnsViewIfModelStateIsInvalid" computerName="JAVI-PC" duration="00:00:00.0002468" startTime="2010-11-20T15:49:08.1263043+01:00" endTime="2010-11-20T15:49:08.1303045+01:00" testType="13cdc9d9-ddb5-4fa4-a97d-d965ccfc6d4b" outcome="Passed" testListId="8c84fa94-04c1-424b-9868-57a2d4851a1d" relativeResultsDirectory="c2fc204a-ca36-4566-b413-a1c010ea9d85">
    </UnitTestResult>
    <UnitTestResult executionId="505c3547-33cd-4b37-901d-b7ba5d2ed70e" testId="0b91ed8f-758e-ce8f-a5a0-42fcdba43eec" testName="LogOn_Get_ReturnsView" computerName="JAVI-PC" duration="00:00:00.0002530" startTime="2010-11-20T15:49:08.1313046+01:00" endTime="2010-11-20T15:49:08.1353048+01:00" testType="13cdc9d9-ddb5-4fa4-a97d-d965ccfc6d4b" outcome="Passed" testListId="8c84fa94-04c1-424b-9868-57a2d4851a1d" relativeResultsDirectory="505c3547-33cd-4b37-901d-b7ba5d2ed70e">
    </UnitTestResult>
    <UnitTestResult executionId="2de91a9e-b8ee-4e83-a35d-b80797daa134" testId="ac8402e8-6d2b-23b8-3ae7-c25a311e0818" testName="ChangePassword_Post_ReturnsViewIfModelStateIsInvalid" computerName="JAVI-PC" duration="00:00:00.0008129" startTime="2010-11-20T15:49:08.1363049+01:00" endTime="2010-11-20T15:49:08.1403051+01:00" testType="13cdc9d9-ddb5-4fa4-a97d-d965ccfc6d4b" outcome="Passed" testListId="8c84fa94-04c1-424b-9868-57a2d4851a1d" relativeResultsDirectory="2de91a9e-b8ee-4e83-a35d-b80797daa134">
    </UnitTestResult>
    <UnitTestResult executionId="417a0ce6-2212-4737-b332-d24647f628ad" testId="e8c8b2b5-2007-e855-03da-6d2032ef5a80" testName="Register_Post_ReturnsViewIfRegistrationFails" computerName="JAVI-PC" duration="00:00:00.0013532" startTime="2010-11-20T15:49:08.1413052+01:00" endTime="2010-11-20T15:49:08.1453054+01:00" testType="13cdc9d9-ddb5-4fa4-a97d-d965ccfc6d4b" outcome="Passed" testListId="8c84fa94-04c1-424b-9868-57a2d4851a1d" relativeResultsDirectory="417a0ce6-2212-4737-b332-d24647f628ad">
    </UnitTestResult>
    <UnitTestResult executionId="4bf1a286-e97f-4531-8b88-9d777357ec05" testId="7e641361-7495-7971-eee7-7c2d78e0205d" testName="LogOn_Post_ReturnsRedirectOnSuccess_WithoutReturnUrl" computerName="JAVI-PC" duration="00:00:00.0004451" startTime="2010-11-20T15:49:08.1463054+01:00" endTime="2010-11-20T15:49:08.1503057+01:00" testType="13cdc9d9-ddb5-4fa4-a97d-d965ccfc6d4b" outcome="Passed" testListId="8c84fa94-04c1-424b-9868-57a2d4851a1d" relativeResultsDirectory="4bf1a286-e97f-4531-8b88-9d777357ec05">
    </UnitTestResult>
    <UnitTestResult executionId="39fb4c48-9bbc-4f65-b293-a9ceadbd5983" testId="ebc23c69-09fa-ba61-597a-bd979a25ade3" testName="LogOff_LogsOutAndRedirects" computerName="JAVI-PC" duration="00:00:00.0003273" startTime="2010-11-20T15:49:08.1513057+01:00" endTime="2010-11-20T15:49:08.1553060+01:00" testType="13cdc9d9-ddb5-4fa4-a97d-d965ccfc6d4b" outcome="Passed" testListId="8c84fa94-04c1-424b-9868-57a2d4851a1d" relativeResultsDirectory="39fb4c48-9bbc-4f65-b293-a9ceadbd5983">
    </UnitTestResult>
    <UnitTestResult executionId="beac3bd6-0183-4bb7-b6fa-2c53c46bbff1" testId="81873771-9fe3-0f87-7c01-aaa59f1bc07f" testName="ChangePassword_Get_ReturnsView" computerName="JAVI-PC" duration="00:00:00.0003401" startTime="2010-11-20T15:49:08.1563060+01:00" endTime="2010-11-20T15:49:08.1593062+01:00" testType="13cdc9d9-ddb5-4fa4-a97d-d965ccfc6d4b" outcome="Passed" testListId="8c84fa94-04c1-424b-9868-57a2d4851a1d" relativeResultsDirectory="beac3bd6-0183-4bb7-b6fa-2c53c46bbff1">
    </UnitTestResult>
    <UnitTestResult executionId="da228801-1ec9-49fc-a55a-3b7f4545084e" testId="ab41cad7-0569-024e-6bf1-9f3534215206" testName="About" computerName="JAVI-PC" duration="00:00:00.0001779" startTime="2010-11-20T15:49:08.1603062+01:00" endTime="2010-11-20T15:49:08.1633064+01:00" testType="13cdc9d9-ddb5-4fa4-a97d-d965ccfc6d4b" outcome="Passed" testListId="8c84fa94-04c1-424b-9868-57a2d4851a1d" relativeResultsDirectory="da228801-1ec9-49fc-a55a-3b7f4545084e">
    </UnitTestResult>
    <UnitTestResult executionId="8abad2d5-7f96-4d5b-a775-cb54846a67c1" testId="61f28dd2-e2cf-aed1-7fb7-f16f602b39f8" testName="ProfilesController_ProfilesRepositoryIsNotNull" computerName="JAVI-PC" duration="00:00:00.0005603" startTime="2010-11-20T15:49:08.1643065+01:00" endTime="2010-11-20T15:49:08.1683067+01:00" testType="13cdc9d9-ddb5-4fa4-a97d-d965ccfc6d4b" outcome="Inconclusive" testListId="8c84fa94-04c1-424b-9868-57a2d4851a1d" relativeResultsDirectory="8abad2d5-7f96-4d5b-a775-cb54846a67c1">
      <Output>
        <ErrorInfo>
          <Message>Assert.Inconclusive failed. Utilizar la dll TestTools del framework para obtener la propiedad privada</Message>
          <StackTrace>   at TravellerMind.Tests.Controllers.ProfileControllerTest.ProfilesController_ProfilesRepositoryIsNotNull() in C:\Users\Javi\documents\visual studio 2010\Projects\TravellerMind\TravellerMind.Tests\Controllers\ProfileControllerTest.cs:line 20
</StackTrace>
        </ErrorInfo>
      </Output>
    </UnitTestResult>
    <UnitTestResult executionId="95fc003a-7da9-4d78-a6d7-1f5a4a1dedca" testId="ef1be392-533f-3115-3caa-2a6579c66d5e" testName="LogOn_Post_ReturnsRedirectOnSuccess_WithReturnUrl" computerName="JAVI-PC" duration="00:00:00.0003164" startTime="2010-11-20T15:49:08.1693068+01:00" endTime="2010-11-20T15:49:08.1733070+01:00" testType="13cdc9d9-ddb5-4fa4-a97d-d965ccfc6d4b" outcome="Passed" testListId="8c84fa94-04c1-424b-9868-57a2d4851a1d" relativeResultsDirectory="95fc003a-7da9-4d78-a6d7-1f5a4a1dedca">
    </UnitTestResult>
    <UnitTestResult executionId="c5ba2b7b-5b77-4a9c-b056-57cd7924a9ec" testId="a828b198-62e4-69e2-0e7c-6af99e23db17" testName="ChangePassword_Post_ReturnsRedirectOnSuccess" computerName="JAVI-PC" duration="00:00:00.0005351" startTime="2010-11-20T15:49:08.1743070+01:00" endTime="2010-11-20T15:49:08.1783073+01:00" testType="13cdc9d9-ddb5-4fa4-a97d-d965ccfc6d4b" outcome="Passed" testListId="8c84fa94-04c1-424b-9868-57a2d4851a1d" relativeResultsDirectory="c5ba2b7b-5b77-4a9c-b056-57cd7924a9ec">
    </UnitTestResult>
    <UnitTestResult executionId="da76b481-2754-4b08-bb8b-5afc75cafd4f" testId="a9a45bf3-ddbf-0c3e-39f9-41a5747c220b" testName="ChangePasswordSuccess_ReturnsView" computerName="JAVI-PC" duration="00:00:00.0002118" startTime="2010-11-20T15:49:08.1793073+01:00" endTime="2010-11-20T15:49:08.1823075+01:00" testType="13cdc9d9-ddb5-4fa4-a97d-d965ccfc6d4b" outcome="Passed" testListId="8c84fa94-04c1-424b-9868-57a2d4851a1d" relativeResultsDirectory="da76b481-2754-4b08-bb8b-5afc75cafd4f">
    </UnitTestResult>
    <UnitTestResult executionId="7de80403-dccf-4133-8402-578ae63c4423" testId="e2af2074-6186-43a3-7741-2b57f15a109a" testName="Register_Post_ReturnsViewIfModelStateIsInvalid" computerName="JAVI-PC" duration="00:00:00.0002887" startTime="2010-11-20T15:49:08.1833076+01:00" endTime="2010-11-20T15:49:08.1863077+01:00" testType="13cdc9d9-ddb5-4fa4-a97d-d965ccfc6d4b" outcome="Passed" testListId="8c84fa94-04c1-424b-9868-57a2d4851a1d" relativeResultsDirectory="7de80403-dccf-4133-8402-578ae63c4423">
    </UnitTestResult>
    <UnitTestResult executionId="6ee9ce30-bacf-47ba-8008-6b34f7216b2d" testId="623facad-a7bf-788d-4a37-7412b352bd5e" testName="ChangePassword_Post_ReturnsViewIfChangePasswordFails" computerName="JAVI-PC" duration="00:00:00.0003474" startTime="2010-11-20T15:49:08.1883078+01:00" endTime="2010-11-20T15:49:08.1923081+01:00" testType="13cdc9d9-ddb5-4fa4-a97d-d965ccfc6d4b" outcome="Passed" testListId="8c84fa94-04c1-424b-9868-57a2d4851a1d" relativeResultsDirectory="6ee9ce30-bacf-47ba-8008-6b34f7216b2d">
    </UnitTestResult>
    <UnitTestResult executionId="ad57126e-a383-4448-bfa1-71d0741ae1c5" testId="d3581637-0c3d-f8cb-e456-d23f5bc1619c" testName="Register_Post_ReturnsRedirectOnSuccess" computerName="JAVI-PC" duration="00:00:00.0002479" startTime="2010-11-20T15:49:08.1933081+01:00" endTime="2010-11-20T15:49:08.1963083+01:00" testType="13cdc9d9-ddb5-4fa4-a97d-d965ccfc6d4b" outcome="Passed" testListId="8c84fa94-04c1-424b-9868-57a2d4851a1d" relativeResultsDirectory="ad57126e-a383-4448-bfa1-71d0741ae1c5">
    </UnitTestResult>
    <UnitTestResult executionId="e3283902-c08a-41cf-9fe6-78dae034c100" testId="85a1a4fe-1e62-016e-1bb6-5ccfab3a01e6" testName="Index_CallsToGetAllMethod" computerName="JAVI-PC" duration="00:00:00.0066549" startTime="2010-11-20T15:49:08.1973084+01:00" endTime="2010-11-20T15:49:08.2073089+01:00" testType="13cdc9d9-ddb5-4fa4-a97d-d965ccfc6d4b" outcome="Passed" testListId="8c84fa94-04c1-424b-9868-57a2d4851a1d" relativeResultsDirectory="e3283902-c08a-41cf-9fe6-78dae034c100">
    </UnitTestResult>
  </Results>
</TestRun>