<?xml version="1.0" encoding="UTF-8"?>
<TestRun id="62ace400-80b6-4024-92ce-3cd9798c8d11" name="Javi@JAVI-PC 2010-11-26 20:53:16" runUser="Javi-PC\Javi" xmlns="http://microsoft.com/schemas/VisualStudio/TeamTest/2010">
  <TestSettings name="Local" id="46797288-f956-462d-9a45-2c13fca839e0">
    <Description>These are default test settings for a local test run.</Description>
    <Deployment enabled="false" runDeploymentRoot="Javi_JAVI-PC 2010-11-26 20_53_16">
      <DeploymentItem filename="C:\Users\Javi\Documents\Visual Studio 2010\Projects\TravellerMind\libraries\RhinoMocks\Rhino.Mocks.dll" />
      <DeploymentItem filename="C:\Users\Javi\Documents\Visual Studio 2010\Projects\TravellerMind\JourneyMind.Domain\bin\Debug\JourneyMind.Domain.dll" />
      <DeploymentItem filename="C:\Users\Javi\Documents\Visual Studio 2010\Projects\TravellerMind\JourneyMind.Infrastructure\bin\JourneyMind.Infrastructure.dll" />
      <DeploymentItem filename="C:\Users\Javi\Documents\Visual Studio 2010\Projects\TravellerMind\JourneyMind.Web\bin\JourneyMind.Web.dll" />
    </Deployment>
    <Execution>
      <TestTypeSpecific />
      <AgentRule name="Execution Agents">
      </AgentRule>
    </Execution>
  </TestSettings>
  <Times creation="2010-11-26T20:53:16.6162593+01:00" queuing="2010-11-26T20:53:17.1832683+01:00" start="2010-11-26T20:53:17.2452718+01:00" finish="2010-11-26T20:53:18.1683246+01:00" />
  <ResultSummary outcome="Inconclusive">
    <Counters total="22" executed="22" passed="21" error="0" failed="0" timeout="0" aborted="0" inconclusive="1" passedButRunAborted="0" notRunnable="0" notExecuted="0" disconnected="0" warning="0" completed="0" inProgress="0" pending="0" />
  </ResultSummary>
  <TestDefinitions>
    <UnitTest name="LogOn_Post_ReturnsViewIfModelStateIsInvalid" storage="c:\users\javi\documents\visual studio 2010\projects\travellermind\journeymind.web.tests\bin\debug\journeymind.webtests.dll" id="ada93a09-19ea-1573-dc8d-2bf7e0dd247e">
      <Execution id="1fa0cab2-2ce5-45a5-9dc7-8241e1b35cd5" />
      <TestMethod codeBase="C:/Users/Javi/Documents/Visual Studio 2010/Projects/TravellerMind/JourneyMind.Web.Tests/bin/Debug/JourneyMind.WebTests.DLL" adapterTypeName="Microsoft.VisualStudio.TestTools.TestTypes.Unit.UnitTestAdapter, Microsoft.VisualStudio.QualityTools.Tips.UnitTest.Adapter, Version=10.0.0.0, Culture=neutral, PublicKeyToken=b03f5f7f11d50a3a" className="JourneyMind.WebTests.Controllers.AccountControllerTest, JourneyMind.WebTests, Version=1.0.0.0, Culture=neutral, PublicKeyToken=null" name="LogOn_Post_ReturnsViewIfModelStateIsInvalid" />
    </UnitTest>
    <UnitTest name="ChangePassword_Post_ReturnsRedirectOnSuccess" storage="c:\users\javi\documents\visual studio 2010\projects\travellermind\journeymind.web.tests\bin\debug\journeymind.webtests.dll" id="65c90339-8556-6ac2-0046-3aad272f0fa0">
      <Execution id="4ccd9377-88d4-45ab-8940-f592da5df453" />
      <TestMethod codeBase="C:/Users/Javi/Documents/Visual Studio 2010/Projects/TravellerMind/JourneyMind.Web.Tests/bin/Debug/JourneyMind.WebTests.DLL" adapterTypeName="Microsoft.VisualStudio.TestTools.TestTypes.Unit.UnitTestAdapter, Microsoft.VisualStudio.QualityTools.Tips.UnitTest.Adapter, Version=10.0.0.0, Culture=neutral, PublicKeyToken=b03f5f7f11d50a3a" className="JourneyMind.WebTests.Controllers.AccountControllerTest, JourneyMind.WebTests, Version=1.0.0.0, Culture=neutral, PublicKeyToken=null" name="ChangePassword_Post_ReturnsRedirectOnSuccess" />
    </UnitTest>
    <UnitTest name="ChangePasswordSuccess_ReturnsView" storage="c:\users\javi\documents\visual studio 2010\projects\travellermind\journeymind.web.tests\bin\debug\journeymind.webtests.dll" id="8586a2c0-2796-868c-b207-bfbf0a0ee482">
      <Execution id="6ebdf18d-9df9-4f8f-af46-5e1deca53f6a" />
      <TestMethod codeBase="C:/Users/Javi/Documents/Visual Studio 2010/Projects/TravellerMind/JourneyMind.Web.Tests/bin/Debug/JourneyMind.WebTests.DLL" adapterTypeName="Microsoft.VisualStudio.TestTools.TestTypes.Unit.UnitTestAdapter, Microsoft.VisualStudio.QualityTools.Tips.UnitTest.Adapter, Version=10.0.0.0, Culture=neutral, PublicKeyToken=b03f5f7f11d50a3a" className="JourneyMind.WebTests.Controllers.AccountControllerTest, JourneyMind.WebTests, Version=1.0.0.0, Culture=neutral, PublicKeyToken=null" name="ChangePasswordSuccess_ReturnsView" />
    </UnitTest>
    <UnitTest name="Index" storage="c:\users\javi\documents\visual studio 2010\projects\travellermind\journeymind.web.tests\bin\debug\journeymind.webtests.dll" id="3d15f2e9-f92b-0823-35ee-b5c49fabd580">
      <Execution id="1d0e5aae-0fab-4b85-895a-5cbdfb5dde2f" />
      <TestMethod codeBase="C:/Users/Javi/Documents/Visual Studio 2010/Projects/TravellerMind/JourneyMind.Web.Tests/bin/Debug/JourneyMind.WebTests.DLL" adapterTypeName="Microsoft.VisualStudio.TestTools.TestTypes.Unit.UnitTestAdapter, Microsoft.VisualStudio.QualityTools.Tips.UnitTest.Adapter, Version=10.0.0.0, Culture=neutral, PublicKeyToken=b03f5f7f11d50a3a" className="JourneyMind.WebTests.Controllers.HomeControllerTest, JourneyMind.WebTests, Version=1.0.0.0, Culture=neutral, PublicKeyToken=null" name="Index" />
    </UnitTest>
    <UnitTest name="Searcher_JourneyRepositoryIsNotNull" storage="c:\users\javi\documents\visual studio 2010\projects\travellermind\journeymind.web.tests\bin\debug\journeymind.webtests.dll" id="e523f2a1-b984-0714-9ac9-b9ec4b576a4e">
      <Execution id="311b0ecb-4f0b-408d-ac84-80ababb3803c" />
      <TestMethod codeBase="C:/Users/Javi/Documents/Visual Studio 2010/Projects/TravellerMind/JourneyMind.Web.Tests/bin/Debug/JourneyMind.WebTests.DLL" adapterTypeName="Microsoft.VisualStudio.TestTools.TestTypes.Unit.UnitTestAdapter, Microsoft.VisualStudio.QualityTools.Tips.UnitTest.Adapter, Version=10.0.0.0, Culture=neutral, PublicKeyToken=b03f5f7f11d50a3a" className="JourneyMind.WebTests.Controllers.SearcherControllerTest, JourneyMind.WebTests, Version=1.0.0.0, Culture=neutral, PublicKeyToken=null" name="Searcher_JourneyRepositoryIsNotNull" />
    </UnitTest>
    <UnitTest name="PostSearch_CallsToGetJourneysMethodFromJourneysRepository" storage="c:\users\javi\documents\visual studio 2010\projects\travellermind\journeymind.web.tests\bin\debug\journeymind.webtests.dll" id="4fd3fbcd-bac0-a3a4-5d5e-f34297315dbb">
      <Execution id="e24168cf-b09f-4262-adbd-7fc606074e05" />
      <TestMethod codeBase="C:/Users/Javi/Documents/Visual Studio 2010/Projects/TravellerMind/JourneyMind.Web.Tests/bin/Debug/JourneyMind.WebTests.DLL" adapterTypeName="Microsoft.VisualStudio.TestTools.TestTypes.Unit.UnitTestAdapter, Microsoft.VisualStudio.QualityTools.Tips.UnitTest.Adapter, Version=10.0.0.0, Culture=neutral, PublicKeyToken=b03f5f7f11d50a3a" className="JourneyMind.WebTests.Controllers.SearcherControllerTest, JourneyMind.WebTests, Version=1.0.0.0, Culture=neutral, PublicKeyToken=null" name="PostSearch_CallsToGetJourneysMethodFromJourneysRepository" />
    </UnitTest>
    <UnitTest name="ChangePassword_Post_ReturnsViewIfChangePasswordFails" storage="c:\users\javi\documents\visual studio 2010\projects\travellermind\journeymind.web.tests\bin\debug\journeymind.webtests.dll" id="509d20da-753f-b5de-7627-2a0b604a9def">
      <Execution id="63864a30-cb7f-4f41-98db-ac13df72068f" />
      <TestMethod codeBase="C:/Users/Javi/Documents/Visual Studio 2010/Projects/TravellerMind/JourneyMind.Web.Tests/bin/Debug/JourneyMind.WebTests.DLL" adapterTypeName="Microsoft.VisualStudio.TestTools.TestTypes.Unit.UnitTestAdapter, Microsoft.VisualStudio.QualityTools.Tips.UnitTest.Adapter, Version=10.0.0.0, Culture=neutral, PublicKeyToken=b03f5f7f11d50a3a" className="JourneyMind.WebTests.Controllers.AccountControllerTest, JourneyMind.WebTests, Version=1.0.0.0, Culture=neutral, PublicKeyToken=null" name="ChangePassword_Post_ReturnsViewIfChangePasswordFails" />
    </UnitTest>
    <UnitTest name="LogOn_Post_ReturnsRedirectOnSuccess_WithoutReturnUrl" storage="c:\users\javi\documents\visual studio 2010\projects\travellermind\journeymind.web.tests\bin\debug\journeymind.webtests.dll" id="f96c7b69-fd9a-684c-0fb6-5ed7a0cc609f">
      <Execution id="1a6277db-58bc-4841-a466-aa82a833f5a9" />
      <TestMethod codeBase="C:/Users/Javi/Documents/Visual Studio 2010/Projects/TravellerMind/JourneyMind.Web.Tests/bin/Debug/JourneyMind.WebTests.DLL" adapterTypeName="Microsoft.VisualStudio.TestTools.TestTypes.Unit.UnitTestAdapter, Microsoft.VisualStudio.QualityTools.Tips.UnitTest.Adapter, Version=10.0.0.0, Culture=neutral, PublicKeyToken=b03f5f7f11d50a3a" className="JourneyMind.WebTests.Controllers.AccountControllerTest, JourneyMind.WebTests, Version=1.0.0.0, Culture=neutral, PublicKeyToken=null" name="LogOn_Post_ReturnsRedirectOnSuccess_WithoutReturnUrl" />
    </UnitTest>
    <UnitTest name="LogOn_Get_ReturnsView" storage="c:\users\javi\documents\visual studio 2010\projects\travellermind\journeymind.web.tests\bin\debug\journeymind.webtests.dll" id="8542019a-f342-5a69-7e2a-be98e0b12ff8">
      <Execution id="35115ad5-3cab-466c-9e3f-85d49525f7cc" />
      <TestMethod codeBase="C:/Users/Javi/Documents/Visual Studio 2010/Projects/TravellerMind/JourneyMind.Web.Tests/bin/Debug/JourneyMind.WebTests.DLL" adapterTypeName="Microsoft.VisualStudio.TestTools.TestTypes.Unit.UnitTestAdapter, Microsoft.VisualStudio.QualityTools.Tips.UnitTest.Adapter, Version=10.0.0.0, Culture=neutral, PublicKeyToken=b03f5f7f11d50a3a" className="JourneyMind.WebTests.Controllers.AccountControllerTest, JourneyMind.WebTests, Version=1.0.0.0, Culture=neutral, PublicKeyToken=null" name="LogOn_Get_ReturnsView" />
    </UnitTest>
    <UnitTest name="GetJourneys_ReturnsANotNullList" storage="c:\users\javi\documents\visual studio 2010\projects\travellermind\journeymind.infrastructure.tests\bin\debug\journeymind.infrastructure.tests.dll" id="2fd151a3-c170-745d-c2a2-e9e13549f47d">
      <Execution id="04ab06f0-817b-434e-a2d5-c58d4497c309" />
      <TestMethod codeBase="C:/Users/Javi/Documents/Visual Studio 2010/Projects/TravellerMind/JourneyMind.Infrastructure.Tests/bin/Debug/JourneyMind.Infrastructure.Tests.DLL" adapterTypeName="Microsoft.VisualStudio.TestTools.TestTypes.Unit.UnitTestAdapter, Microsoft.VisualStudio.QualityTools.Tips.UnitTest.Adapter, Version=10.0.0.0, Culture=neutral, PublicKeyToken=b03f5f7f11d50a3a" className="JourneyMind.Infrastructure.Tests.Repositories.JourneysRepositoryTest, JourneyMind.Infrastructure.Tests, Version=1.0.0.0, Culture=neutral, PublicKeyToken=null" name="GetJourneys_ReturnsANotNullList" />
    </UnitTest>
    <UnitTest name="Register_Get_ReturnsView" storage="c:\users\javi\documents\visual studio 2010\projects\travellermind\journeymind.web.tests\bin\debug\journeymind.webtests.dll" id="aa6ce185-f6f4-344c-ec40-0226bc2ff1fc">
      <Execution id="89f5c73b-7923-4f9a-b21e-44275d9871e5" />
      <TestMethod codeBase="C:/Users/Javi/Documents/Visual Studio 2010/Projects/TravellerMind/JourneyMind.Web.Tests/bin/Debug/JourneyMind.WebTests.DLL" adapterTypeName="Microsoft.VisualStudio.TestTools.TestTypes.Unit.UnitTestAdapter, Microsoft.VisualStudio.QualityTools.Tips.UnitTest.Adapter, Version=10.0.0.0, Culture=neutral, PublicKeyToken=b03f5f7f11d50a3a" className="JourneyMind.WebTests.Controllers.AccountControllerTest, JourneyMind.WebTests, Version=1.0.0.0, Culture=neutral, PublicKeyToken=null" name="Register_Get_ReturnsView" />
    </UnitTest>
    <UnitTest name="ChangePassword_Get_ReturnsView" storage="c:\users\javi\documents\visual studio 2010\projects\travellermind\journeymind.web.tests\bin\debug\journeymind.webtests.dll" id="9c73b9b5-0c31-c19c-91a6-b5134f57a45f">
      <Execution id="7a085664-fd46-41fc-89da-fd5443abc104" />
      <TestMethod codeBase="C:/Users/Javi/Documents/Visual Studio 2010/Projects/TravellerMind/JourneyMind.Web.Tests/bin/Debug/JourneyMind.WebTests.DLL" adapterTypeName="Microsoft.VisualStudio.TestTools.TestTypes.Unit.UnitTestAdapter, Microsoft.VisualStudio.QualityTools.Tips.UnitTest.Adapter, Version=10.0.0.0, Culture=neutral, PublicKeyToken=b03f5f7f11d50a3a" className="JourneyMind.WebTests.Controllers.AccountControllerTest, JourneyMind.WebTests, Version=1.0.0.0, Culture=neutral, PublicKeyToken=null" name="ChangePassword_Get_ReturnsView" />
    </UnitTest>
    <UnitTest name="About" storage="c:\users\javi\documents\visual studio 2010\projects\travellermind\journeymind.web.tests\bin\debug\journeymind.webtests.dll" id="8078e012-b330-829e-4091-303006ee3c9b">
      <Execution id="84f76d4a-bc0b-49e2-8558-be9cf3a1f4f9" />
      <TestMethod codeBase="C:/Users/Javi/Documents/Visual Studio 2010/Projects/TravellerMind/JourneyMind.Web.Tests/bin/Debug/JourneyMind.WebTests.DLL" adapterTypeName="Microsoft.VisualStudio.TestTools.TestTypes.Unit.UnitTestAdapter, Microsoft.VisualStudio.QualityTools.Tips.UnitTest.Adapter, Version=10.0.0.0, Culture=neutral, PublicKeyToken=b03f5f7f11d50a3a" className="JourneyMind.WebTests.Controllers.HomeControllerTest, JourneyMind.WebTests, Version=1.0.0.0, Culture=neutral, PublicKeyToken=null" name="About" />
    </UnitTest>
    <UnitTest name="Register_Post_ReturnsRedirectOnSuccess" storage="c:\users\javi\documents\visual studio 2010\projects\travellermind\journeymind.web.tests\bin\debug\journeymind.webtests.dll" id="209ab644-efe5-ef1f-d089-dca91ec3b63b">
      <Execution id="139a7dd6-eaf3-4e2a-90d8-44c499a1d680" />
      <TestMethod codeBase="C:/Users/Javi/Documents/Visual Studio 2010/Projects/TravellerMind/JourneyMind.Web.Tests/bin/Debug/JourneyMind.WebTests.DLL" adapterTypeName="Microsoft.VisualStudio.TestTools.TestTypes.Unit.UnitTestAdapter, Microsoft.VisualStudio.QualityTools.Tips.UnitTest.Adapter, Version=10.0.0.0, Culture=neutral, PublicKeyToken=b03f5f7f11d50a3a" className="JourneyMind.WebTests.Controllers.AccountControllerTest, JourneyMind.WebTests, Version=1.0.0.0, Culture=neutral, PublicKeyToken=null" name="Register_Post_ReturnsRedirectOnSuccess" />
    </UnitTest>
    <UnitTest name="LogOff_LogsOutAndRedirects" storage="c:\users\javi\documents\visual studio 2010\projects\travellermind\journeymind.web.tests\bin\debug\journeymind.webtests.dll" id="ba43582d-1cbe-6c70-e619-1e792a389b86">
      <Execution id="cf9d3de8-3f17-47c7-8a3f-16db048a009f" />
      <TestMethod codeBase="C:/Users/Javi/Documents/Visual Studio 2010/Projects/TravellerMind/JourneyMind.Web.Tests/bin/Debug/JourneyMind.WebTests.DLL" adapterTypeName="Microsoft.VisualStudio.TestTools.TestTypes.Unit.UnitTestAdapter, Microsoft.VisualStudio.QualityTools.Tips.UnitTest.Adapter, Version=10.0.0.0, Culture=neutral, PublicKeyToken=b03f5f7f11d50a3a" className="JourneyMind.WebTests.Controllers.AccountControllerTest, JourneyMind.WebTests, Version=1.0.0.0, Culture=neutral, PublicKeyToken=null" name="LogOff_LogsOutAndRedirects" />
    </UnitTest>
    <UnitTest name="ChangePassword_Post_ReturnsViewIfModelStateIsInvalid" storage="c:\users\javi\documents\visual studio 2010\projects\travellermind\journeymind.web.tests\bin\debug\journeymind.webtests.dll" id="cbbe9b8a-d64e-cd21-0e38-d93c4cd092be">
      <Execution id="e25341d3-ba14-4ac1-820a-7985b418f141" />
      <TestMethod codeBase="C:/Users/Javi/Documents/Visual Studio 2010/Projects/TravellerMind/JourneyMind.Web.Tests/bin/Debug/JourneyMind.WebTests.DLL" adapterTypeName="Microsoft.VisualStudio.TestTools.TestTypes.Unit.UnitTestAdapter, Microsoft.VisualStudio.QualityTools.Tips.UnitTest.Adapter, Version=10.0.0.0, Culture=neutral, PublicKeyToken=b03f5f7f11d50a3a" className="JourneyMind.WebTests.Controllers.AccountControllerTest, JourneyMind.WebTests, Version=1.0.0.0, Culture=neutral, PublicKeyToken=null" name="ChangePassword_Post_ReturnsViewIfModelStateIsInvalid" />
    </UnitTest>
    <UnitTest name="LogOn_Post_ReturnsViewIfValidateUserFails" storage="c:\users\javi\documents\visual studio 2010\projects\travellermind\journeymind.web.tests\bin\debug\journeymind.webtests.dll" id="bfa632ac-2d24-7a01-178a-758389d16124">
      <Execution id="8439a534-cafb-4484-992e-be136afa6023" />
      <TestMethod codeBase="C:/Users/Javi/Documents/Visual Studio 2010/Projects/TravellerMind/JourneyMind.Web.Tests/bin/Debug/JourneyMind.WebTests.DLL" adapterTypeName="Microsoft.VisualStudio.TestTools.TestTypes.Unit.UnitTestAdapter, Microsoft.VisualStudio.QualityTools.Tips.UnitTest.Adapter, Version=10.0.0.0, Culture=neutral, PublicKeyToken=b03f5f7f11d50a3a" className="JourneyMind.WebTests.Controllers.AccountControllerTest, JourneyMind.WebTests, Version=1.0.0.0, Culture=neutral, PublicKeyToken=null" name="LogOn_Post_ReturnsViewIfValidateUserFails" />
    </UnitTest>
    <UnitTest name="LogOn_Post_ReturnsRedirectOnSuccess_WithReturnUrl" storage="c:\users\javi\documents\visual studio 2010\projects\travellermind\journeymind.web.tests\bin\debug\journeymind.webtests.dll" id="854d7142-7e26-76c4-533e-229d9c79419b">
      <Execution id="4c12a125-7699-484b-a25c-1ed81b9f94cf" />
      <TestMethod codeBase="C:/Users/Javi/Documents/Visual Studio 2010/Projects/TravellerMind/JourneyMind.Web.Tests/bin/Debug/JourneyMind.WebTests.DLL" adapterTypeName="Microsoft.VisualStudio.TestTools.TestTypes.Unit.UnitTestAdapter, Microsoft.VisualStudio.QualityTools.Tips.UnitTest.Adapter, Version=10.0.0.0, Culture=neutral, PublicKeyToken=b03f5f7f11d50a3a" className="JourneyMind.WebTests.Controllers.AccountControllerTest, JourneyMind.WebTests, Version=1.0.0.0, Culture=neutral, PublicKeyToken=null" name="LogOn_Post_ReturnsRedirectOnSuccess_WithReturnUrl" />
    </UnitTest>
    <UnitTest name="Register_Post_ReturnsViewIfRegistrationFails" storage="c:\users\javi\documents\visual studio 2010\projects\travellermind\journeymind.web.tests\bin\debug\journeymind.webtests.dll" id="eea3c466-c8e0-a62f-0e6a-94a773332e42">
      <Execution id="414dd8b5-79fa-4bcf-92b3-f4d6a3e68b14" />
      <TestMethod codeBase="C:/Users/Javi/Documents/Visual Studio 2010/Projects/TravellerMind/JourneyMind.Web.Tests/bin/Debug/JourneyMind.WebTests.DLL" adapterTypeName="Microsoft.VisualStudio.TestTools.TestTypes.Unit.UnitTestAdapter, Microsoft.VisualStudio.QualityTools.Tips.UnitTest.Adapter, Version=10.0.0.0, Culture=neutral, PublicKeyToken=b03f5f7f11d50a3a" className="JourneyMind.WebTests.Controllers.AccountControllerTest, JourneyMind.WebTests, Version=1.0.0.0, Culture=neutral, PublicKeyToken=null" name="Register_Post_ReturnsViewIfRegistrationFails" />
    </UnitTest>
    <UnitTest name="PostSearch_ReturnsAJourneyList" storage="c:\users\javi\documents\visual studio 2010\projects\travellermind\journeymind.web.tests\bin\debug\journeymind.webtests.dll" id="eeddf616-ab14-3158-5887-78fe7a4a700b">
      <Execution id="d923f071-df2a-4aa2-9a91-eec5bc136241" />
      <TestMethod codeBase="C:/Users/Javi/Documents/Visual Studio 2010/Projects/TravellerMind/JourneyMind.Web.Tests/bin/Debug/JourneyMind.WebTests.DLL" adapterTypeName="Microsoft.VisualStudio.TestTools.TestTypes.Unit.UnitTestAdapter, Microsoft.VisualStudio.QualityTools.Tips.UnitTest.Adapter, Version=10.0.0.0, Culture=neutral, PublicKeyToken=b03f5f7f11d50a3a" className="JourneyMind.WebTests.Controllers.SearcherControllerTest, JourneyMind.WebTests, Version=1.0.0.0, Culture=neutral, PublicKeyToken=null" name="PostSearch_ReturnsAJourneyList" />
    </UnitTest>
    <UnitTest name="Register_Post_ReturnsViewIfModelStateIsInvalid" storage="c:\users\javi\documents\visual studio 2010\projects\travellermind\journeymind.web.tests\bin\debug\journeymind.webtests.dll" id="28bd7b3c-0b9a-6c42-2a51-2d7022cd8289">
      <Execution id="1c8bf5ad-0027-443a-af29-dde8a894607d" />
      <TestMethod codeBase="C:/Users/Javi/Documents/Visual Studio 2010/Projects/TravellerMind/JourneyMind.Web.Tests/bin/Debug/JourneyMind.WebTests.DLL" adapterTypeName="Microsoft.VisualStudio.TestTools.TestTypes.Unit.UnitTestAdapter, Microsoft.VisualStudio.QualityTools.Tips.UnitTest.Adapter, Version=10.0.0.0, Culture=neutral, PublicKeyToken=b03f5f7f11d50a3a" className="JourneyMind.WebTests.Controllers.AccountControllerTest, JourneyMind.WebTests, Version=1.0.0.0, Culture=neutral, PublicKeyToken=null" name="Register_Post_ReturnsViewIfModelStateIsInvalid" />
    </UnitTest>
    <UnitTest name="Index_ReturnsAView" storage="c:\users\javi\documents\visual studio 2010\projects\travellermind\journeymind.web.tests\bin\debug\journeymind.webtests.dll" id="71d2b0eb-663d-9310-9c4a-915308e87bf8">
      <Execution id="278f7f6d-3fde-4226-8d41-8c431eb6b29f" />
      <TestMethod codeBase="C:/Users/Javi/Documents/Visual Studio 2010/Projects/TravellerMind/JourneyMind.Web.Tests/bin/Debug/JourneyMind.WebTests.DLL" adapterTypeName="Microsoft.VisualStudio.TestTools.TestTypes.Unit.UnitTestAdapter, Microsoft.VisualStudio.QualityTools.Tips.UnitTest.Adapter, Version=10.0.0.0, Culture=neutral, PublicKeyToken=b03f5f7f11d50a3a" className="JourneyMind.WebTests.Controllers.SearcherControllerTest, JourneyMind.WebTests, Version=1.0.0.0, Culture=neutral, PublicKeyToken=null" name="Index_ReturnsAView" />
    </UnitTest>
  </TestDefinitions>
  <TestLists>
    <TestList name="Results Not in a List" id="8c84fa94-04c1-424b-9868-57a2d4851a1d" />
    <TestList name="All Loaded Results" id="19431567-8539-422a-85d7-44ee4e166bda" />
  </TestLists>
  <TestEntries>
    <TestEntry testId="28bd7b3c-0b9a-6c42-2a51-2d7022cd8289" executionId="1c8bf5ad-0027-443a-af29-dde8a894607d" testListId="8c84fa94-04c1-424b-9868-57a2d4851a1d" />
    <TestEntry testId="e523f2a1-b984-0714-9ac9-b9ec4b576a4e" executionId="311b0ecb-4f0b-408d-ac84-80ababb3803c" testListId="8c84fa94-04c1-424b-9868-57a2d4851a1d" />
    <TestEntry testId="8586a2c0-2796-868c-b207-bfbf0a0ee482" executionId="6ebdf18d-9df9-4f8f-af46-5e1deca53f6a" testListId="8c84fa94-04c1-424b-9868-57a2d4851a1d" />
    <TestEntry testId="9c73b9b5-0c31-c19c-91a6-b5134f57a45f" executionId="7a085664-fd46-41fc-89da-fd5443abc104" testListId="8c84fa94-04c1-424b-9868-57a2d4851a1d" />
    <TestEntry testId="8542019a-f342-5a69-7e2a-be98e0b12ff8" executionId="35115ad5-3cab-466c-9e3f-85d49525f7cc" testListId="8c84fa94-04c1-424b-9868-57a2d4851a1d" />
    <TestEntry testId="eea3c466-c8e0-a62f-0e6a-94a773332e42" executionId="414dd8b5-79fa-4bcf-92b3-f4d6a3e68b14" testListId="8c84fa94-04c1-424b-9868-57a2d4851a1d" />
    <TestEntry testId="ba43582d-1cbe-6c70-e619-1e792a389b86" executionId="cf9d3de8-3f17-47c7-8a3f-16db048a009f" testListId="8c84fa94-04c1-424b-9868-57a2d4851a1d" />
    <TestEntry testId="71d2b0eb-663d-9310-9c4a-915308e87bf8" executionId="278f7f6d-3fde-4226-8d41-8c431eb6b29f" testListId="8c84fa94-04c1-424b-9868-57a2d4851a1d" />
    <TestEntry testId="bfa632ac-2d24-7a01-178a-758389d16124" executionId="8439a534-cafb-4484-992e-be136afa6023" testListId="8c84fa94-04c1-424b-9868-57a2d4851a1d" />
    <TestEntry testId="aa6ce185-f6f4-344c-ec40-0226bc2ff1fc" executionId="89f5c73b-7923-4f9a-b21e-44275d9871e5" testListId="8c84fa94-04c1-424b-9868-57a2d4851a1d" />
    <TestEntry testId="f96c7b69-fd9a-684c-0fb6-5ed7a0cc609f" executionId="1a6277db-58bc-4841-a466-aa82a833f5a9" testListId="8c84fa94-04c1-424b-9868-57a2d4851a1d" />
    <TestEntry testId="4fd3fbcd-bac0-a3a4-5d5e-f34297315dbb" executionId="e24168cf-b09f-4262-adbd-7fc606074e05" testListId="8c84fa94-04c1-424b-9868-57a2d4851a1d" />
    <TestEntry testId="209ab644-efe5-ef1f-d089-dca91ec3b63b" executionId="139a7dd6-eaf3-4e2a-90d8-44c499a1d680" testListId="8c84fa94-04c1-424b-9868-57a2d4851a1d" />
    <TestEntry testId="ada93a09-19ea-1573-dc8d-2bf7e0dd247e" executionId="1fa0cab2-2ce5-45a5-9dc7-8241e1b35cd5" testListId="8c84fa94-04c1-424b-9868-57a2d4851a1d" />
    <TestEntry testId="65c90339-8556-6ac2-0046-3aad272f0fa0" executionId="4ccd9377-88d4-45ab-8940-f592da5df453" testListId="8c84fa94-04c1-424b-9868-57a2d4851a1d" />
    <TestEntry testId="854d7142-7e26-76c4-533e-229d9c79419b" executionId="4c12a125-7699-484b-a25c-1ed81b9f94cf" testListId="8c84fa94-04c1-424b-9868-57a2d4851a1d" />
    <TestEntry testId="509d20da-753f-b5de-7627-2a0b604a9def" executionId="63864a30-cb7f-4f41-98db-ac13df72068f" testListId="8c84fa94-04c1-424b-9868-57a2d4851a1d" />
    <TestEntry testId="cbbe9b8a-d64e-cd21-0e38-d93c4cd092be" executionId="e25341d3-ba14-4ac1-820a-7985b418f141" testListId="8c84fa94-04c1-424b-9868-57a2d4851a1d" />
    <TestEntry testId="8078e012-b330-829e-4091-303006ee3c9b" executionId="84f76d4a-bc0b-49e2-8558-be9cf3a1f4f9" testListId="8c84fa94-04c1-424b-9868-57a2d4851a1d" />
    <TestEntry testId="2fd151a3-c170-745d-c2a2-e9e13549f47d" executionId="04ab06f0-817b-434e-a2d5-c58d4497c309" testListId="8c84fa94-04c1-424b-9868-57a2d4851a1d" />
    <TestEntry testId="3d15f2e9-f92b-0823-35ee-b5c49fabd580" executionId="1d0e5aae-0fab-4b85-895a-5cbdfb5dde2f" testListId="8c84fa94-04c1-424b-9868-57a2d4851a1d" />
    <TestEntry testId="eeddf616-ab14-3158-5887-78fe7a4a700b" executionId="d923f071-df2a-4aa2-9a91-eec5bc136241" testListId="8c84fa94-04c1-424b-9868-57a2d4851a1d" />
  </TestEntries>
  <Results>
    <UnitTestResult executionId="1c8bf5ad-0027-443a-af29-dde8a894607d" testId="28bd7b3c-0b9a-6c42-2a51-2d7022cd8289" testName="Register_Post_ReturnsViewIfModelStateIsInvalid" computerName="JAVI-PC" duration="00:00:00.0216197" startTime="2010-11-26T20:53:17.2662730+01:00" endTime="2010-11-26T20:53:17.5792909+01:00" testType="13cdc9d9-ddb5-4fa4-a97d-d965ccfc6d4b" outcome="Passed" testListId="8c84fa94-04c1-424b-9868-57a2d4851a1d" relativeResultsDirectory="1c8bf5ad-0027-443a-af29-dde8a894607d">
    </UnitTestResult>
    <UnitTestResult executionId="311b0ecb-4f0b-408d-ac84-80ababb3803c" testId="e523f2a1-b984-0714-9ac9-b9ec4b576a4e" testName="Searcher_JourneyRepositoryIsNotNull" computerName="JAVI-PC" duration="00:00:00.0270701" startTime="2010-11-26T20:53:17.5802910+01:00" endTime="2010-11-26T20:53:17.6102927+01:00" testType="13cdc9d9-ddb5-4fa4-a97d-d965ccfc6d4b" outcome="Inconclusive" testListId="8c84fa94-04c1-424b-9868-57a2d4851a1d" relativeResultsDirectory="311b0ecb-4f0b-408d-ac84-80ababb3803c">
      <Output>
        <ErrorInfo>
          <Message>Assert.Inconclusive failed. Utilizar la dll TestTools del framework para obtener la propiedad privada</Message>
          <StackTrace>   at JourneyMind.WebTests.Controllers.SearcherControllerTest.Searcher_JourneyRepositoryIsNotNull() in C:\Users\Javi\Documents\Visual Studio 2010\Projects\TravellerMind\JourneyMind.Web.Tests\Controllers\SearcherControllerTest.cs:line 19
</StackTrace>
        </ErrorInfo>
      </Output>
    </UnitTestResult>
    <UnitTestResult executionId="6ebdf18d-9df9-4f8f-af46-5e1deca53f6a" testId="8586a2c0-2796-868c-b207-bfbf0a0ee482" testName="ChangePasswordSuccess_ReturnsView" computerName="JAVI-PC" duration="00:00:00.0003029" startTime="2010-11-26T20:53:17.6112928+01:00" endTime="2010-11-26T20:53:17.6152930+01:00" testType="13cdc9d9-ddb5-4fa4-a97d-d965ccfc6d4b" outcome="Passed" testListId="8c84fa94-04c1-424b-9868-57a2d4851a1d" relativeResultsDirectory="6ebdf18d-9df9-4f8f-af46-5e1deca53f6a">
    </UnitTestResult>
    <UnitTestResult executionId="7a085664-fd46-41fc-89da-fd5443abc104" testId="9c73b9b5-0c31-c19c-91a6-b5134f57a45f" testName="ChangePassword_Get_ReturnsView" computerName="JAVI-PC" duration="00:00:00.0004145" startTime="2010-11-26T20:53:17.6162931+01:00" endTime="2010-11-26T20:53:17.6202933+01:00" testType="13cdc9d9-ddb5-4fa4-a97d-d965ccfc6d4b" outcome="Passed" testListId="8c84fa94-04c1-424b-9868-57a2d4851a1d" relativeResultsDirectory="7a085664-fd46-41fc-89da-fd5443abc104">
    </UnitTestResult>
    <UnitTestResult executionId="35115ad5-3cab-466c-9e3f-85d49525f7cc" testId="8542019a-f342-5a69-7e2a-be98e0b12ff8" testName="LogOn_Get_ReturnsView" computerName="JAVI-PC" duration="00:00:00.0001866" startTime="2010-11-26T20:53:17.6222934+01:00" endTime="2010-11-26T20:53:17.6252936+01:00" testType="13cdc9d9-ddb5-4fa4-a97d-d965ccfc6d4b" outcome="Passed" testListId="8c84fa94-04c1-424b-9868-57a2d4851a1d" relativeResultsDirectory="35115ad5-3cab-466c-9e3f-85d49525f7cc">
    </UnitTestResult>
    <UnitTestResult executionId="414dd8b5-79fa-4bcf-92b3-f4d6a3e68b14" testId="eea3c466-c8e0-a62f-0e6a-94a773332e42" testName="Register_Post_ReturnsViewIfRegistrationFails" computerName="JAVI-PC" duration="00:00:00.0009486" startTime="2010-11-26T20:53:17.6262936+01:00" endTime="2010-11-26T20:53:17.6302939+01:00" testType="13cdc9d9-ddb5-4fa4-a97d-d965ccfc6d4b" outcome="Passed" testListId="8c84fa94-04c1-424b-9868-57a2d4851a1d" relativeResultsDirectory="414dd8b5-79fa-4bcf-92b3-f4d6a3e68b14">
    </UnitTestResult>
    <UnitTestResult executionId="cf9d3de8-3f17-47c7-8a3f-16db048a009f" testId="ba43582d-1cbe-6c70-e619-1e792a389b86" testName="LogOff_LogsOutAndRedirects" computerName="JAVI-PC" duration="00:00:00.0023307" startTime="2010-11-26T20:53:17.6312939+01:00" endTime="2010-11-26T20:53:17.6362942+01:00" testType="13cdc9d9-ddb5-4fa4-a97d-d965ccfc6d4b" outcome="Passed" testListId="8c84fa94-04c1-424b-9868-57a2d4851a1d" relativeResultsDirectory="cf9d3de8-3f17-47c7-8a3f-16db048a009f">
    </UnitTestResult>
    <UnitTestResult executionId="278f7f6d-3fde-4226-8d41-8c431eb6b29f" testId="71d2b0eb-663d-9310-9c4a-915308e87bf8" testName="Index_ReturnsAView" computerName="JAVI-PC" duration="00:00:00.0001786" startTime="2010-11-26T20:53:17.6372943+01:00" endTime="2010-11-26T20:53:17.6402944+01:00" testType="13cdc9d9-ddb5-4fa4-a97d-d965ccfc6d4b" outcome="Passed" testListId="8c84fa94-04c1-424b-9868-57a2d4851a1d" relativeResultsDirectory="278f7f6d-3fde-4226-8d41-8c431eb6b29f">
    </UnitTestResult>
    <UnitTestResult executionId="8439a534-cafb-4484-992e-be136afa6023" testId="bfa632ac-2d24-7a01-178a-758389d16124" testName="LogOn_Post_ReturnsViewIfValidateUserFails" computerName="JAVI-PC" duration="00:00:00.0009158" startTime="2010-11-26T20:53:17.6412945+01:00" endTime="2010-11-26T20:53:17.6462948+01:00" testType="13cdc9d9-ddb5-4fa4-a97d-d965ccfc6d4b" outcome="Passed" testListId="8c84fa94-04c1-424b-9868-57a2d4851a1d" relativeResultsDirectory="8439a534-cafb-4484-992e-be136afa6023">
    </UnitTestResult>
    <UnitTestResult executionId="89f5c73b-7923-4f9a-b21e-44275d9871e5" testId="aa6ce185-f6f4-344c-ec40-0226bc2ff1fc" testName="Register_Get_ReturnsView" computerName="JAVI-PC" duration="00:00:00.0002836" startTime="2010-11-26T20:53:17.6472948+01:00" endTime="2010-11-26T20:53:17.6502950+01:00" testType="13cdc9d9-ddb5-4fa4-a97d-d965ccfc6d4b" outcome="Passed" testListId="8c84fa94-04c1-424b-9868-57a2d4851a1d" relativeResultsDirectory="89f5c73b-7923-4f9a-b21e-44275d9871e5">
    </UnitTestResult>
    <UnitTestResult executionId="1a6277db-58bc-4841-a466-aa82a833f5a9" testId="f96c7b69-fd9a-684c-0fb6-5ed7a0cc609f" testName="LogOn_Post_ReturnsRedirectOnSuccess_WithoutReturnUrl" computerName="JAVI-PC" duration="00:00:00.0004910" startTime="2010-11-26T20:53:17.6522951+01:00" endTime="2010-11-26T20:53:17.6552953+01:00" testType="13cdc9d9-ddb5-4fa4-a97d-d965ccfc6d4b" outcome="Passed" testListId="8c84fa94-04c1-424b-9868-57a2d4851a1d" relativeResultsDirectory="1a6277db-58bc-4841-a466-aa82a833f5a9">
    </UnitTestResult>
    <UnitTestResult executionId="e24168cf-b09f-4262-adbd-7fc606074e05" testId="4fd3fbcd-bac0-a3a4-5d5e-f34297315dbb" testName="PostSearch_CallsToGetJourneysMethodFromJourneysRepository" computerName="JAVI-PC" duration="00:00:00.2205223" startTime="2010-11-26T20:53:17.6562953+01:00" endTime="2010-11-26T20:53:17.8803082+01:00" testType="13cdc9d9-ddb5-4fa4-a97d-d965ccfc6d4b" outcome="Passed" testListId="8c84fa94-04c1-424b-9868-57a2d4851a1d" relativeResultsDirectory="e24168cf-b09f-4262-adbd-7fc606074e05">
    </UnitTestResult>
    <UnitTestResult executionId="139a7dd6-eaf3-4e2a-90d8-44c499a1d680" testId="209ab644-efe5-ef1f-d089-dca91ec3b63b" testName="Register_Post_ReturnsRedirectOnSuccess" computerName="JAVI-PC" duration="00:00:00.0002927" startTime="2010-11-26T20:53:17.8813082+01:00" endTime="2010-11-26T20:53:17.8843084+01:00" testType="13cdc9d9-ddb5-4fa4-a97d-d965ccfc6d4b" outcome="Passed" testListId="8c84fa94-04c1-424b-9868-57a2d4851a1d" relativeResultsDirectory="139a7dd6-eaf3-4e2a-90d8-44c499a1d680">
    </UnitTestResult>
    <UnitTestResult executionId="1fa0cab2-2ce5-45a5-9dc7-8241e1b35cd5" testId="ada93a09-19ea-1573-dc8d-2bf7e0dd247e" testName="LogOn_Post_ReturnsViewIfModelStateIsInvalid" computerName="JAVI-PC" duration="00:00:00.0002741" startTime="2010-11-26T20:53:17.8853084+01:00" endTime="2010-11-26T20:53:17.8893087+01:00" testType="13cdc9d9-ddb5-4fa4-a97d-d965ccfc6d4b" outcome="Passed" testListId="8c84fa94-04c1-424b-9868-57a2d4851a1d" relativeResultsDirectory="1fa0cab2-2ce5-45a5-9dc7-8241e1b35cd5">
    </UnitTestResult>
    <UnitTestResult executionId="4ccd9377-88d4-45ab-8940-f592da5df453" testId="65c90339-8556-6ac2-0046-3aad272f0fa0" testName="ChangePassword_Post_ReturnsRedirectOnSuccess" computerName="JAVI-PC" duration="00:00:00.0026355" startTime="2010-11-26T20:53:17.8903087+01:00" endTime="2010-11-26T20:53:17.8963091+01:00" testType="13cdc9d9-ddb5-4fa4-a97d-d965ccfc6d4b" outcome="Passed" testListId="8c84fa94-04c1-424b-9868-57a2d4851a1d" relativeResultsDirectory="4ccd9377-88d4-45ab-8940-f592da5df453">
    </UnitTestResult>
    <UnitTestResult executionId="4c12a125-7699-484b-a25c-1ed81b9f94cf" testId="854d7142-7e26-76c4-533e-229d9c79419b" testName="LogOn_Post_ReturnsRedirectOnSuccess_WithReturnUrl" computerName="JAVI-PC" duration="00:00:00.0011848" startTime="2010-11-26T20:53:17.8973091+01:00" endTime="2010-11-26T20:53:17.9013094+01:00" testType="13cdc9d9-ddb5-4fa4-a97d-d965ccfc6d4b" outcome="Passed" testListId="8c84fa94-04c1-424b-9868-57a2d4851a1d" relativeResultsDirectory="4c12a125-7699-484b-a25c-1ed81b9f94cf">
    </UnitTestResult>
    <UnitTestResult executionId="63864a30-cb7f-4f41-98db-ac13df72068f" testId="509d20da-753f-b5de-7627-2a0b604a9def" testName="ChangePassword_Post_ReturnsViewIfChangePasswordFails" computerName="JAVI-PC" duration="00:00:00.0003179" startTime="2010-11-26T20:53:17.9023094+01:00" endTime="2010-11-26T20:53:17.9053096+01:00" testType="13cdc9d9-ddb5-4fa4-a97d-d965ccfc6d4b" outcome="Passed" testListId="8c84fa94-04c1-424b-9868-57a2d4851a1d" relativeResultsDirectory="63864a30-cb7f-4f41-98db-ac13df72068f">
    </UnitTestResult>
    <UnitTestResult executionId="e25341d3-ba14-4ac1-820a-7985b418f141" testId="cbbe9b8a-d64e-cd21-0e38-d93c4cd092be" testName="ChangePassword_Post_ReturnsViewIfModelStateIsInvalid" computerName="JAVI-PC" duration="00:00:00.0003346" startTime="2010-11-26T20:53:17.9073097+01:00" endTime="2010-11-26T20:53:17.9103099+01:00" testType="13cdc9d9-ddb5-4fa4-a97d-d965ccfc6d4b" outcome="Passed" testListId="8c84fa94-04c1-424b-9868-57a2d4851a1d" relativeResultsDirectory="e25341d3-ba14-4ac1-820a-7985b418f141">
    </UnitTestResult>
    <UnitTestResult executionId="84f76d4a-bc0b-49e2-8558-be9cf3a1f4f9" testId="8078e012-b330-829e-4091-303006ee3c9b" testName="About" computerName="JAVI-PC" duration="00:00:00.0003857" startTime="2010-11-26T20:53:17.9113099+01:00" endTime="2010-11-26T20:53:17.9153102+01:00" testType="13cdc9d9-ddb5-4fa4-a97d-d965ccfc6d4b" outcome="Passed" testListId="8c84fa94-04c1-424b-9868-57a2d4851a1d" relativeResultsDirectory="84f76d4a-bc0b-49e2-8558-be9cf3a1f4f9">
    </UnitTestResult>
    <UnitTestResult executionId="04ab06f0-817b-434e-a2d5-c58d4497c309" testId="2fd151a3-c170-745d-c2a2-e9e13549f47d" testName="GetJourneys_ReturnsANotNullList" computerName="JAVI-PC" duration="00:00:00.0132235" startTime="2010-11-26T20:53:17.9163102+01:00" endTime="2010-11-26T20:53:18.1043210+01:00" testType="13cdc9d9-ddb5-4fa4-a97d-d965ccfc6d4b" outcome="Passed" testListId="8c84fa94-04c1-424b-9868-57a2d4851a1d" relativeResultsDirectory="04ab06f0-817b-434e-a2d5-c58d4497c309">
    </UnitTestResult>
    <UnitTestResult executionId="1d0e5aae-0fab-4b85-895a-5cbdfb5dde2f" testId="3d15f2e9-f92b-0823-35ee-b5c49fabd580" testName="Index" computerName="JAVI-PC" duration="00:00:00.0002387" startTime="2010-11-26T20:53:18.1053210+01:00" endTime="2010-11-26T20:53:18.1093213+01:00" testType="13cdc9d9-ddb5-4fa4-a97d-d965ccfc6d4b" outcome="Passed" testListId="8c84fa94-04c1-424b-9868-57a2d4851a1d" relativeResultsDirectory="1d0e5aae-0fab-4b85-895a-5cbdfb5dde2f">
    </UnitTestResult>
    <UnitTestResult executionId="d923f071-df2a-4aa2-9a91-eec5bc136241" testId="eeddf616-ab14-3158-5887-78fe7a4a700b" testName="PostSearch_ReturnsAJourneyList" computerName="JAVI-PC" duration="00:00:00.0053939" startTime="2010-11-26T20:53:18.1103213+01:00" endTime="2010-11-26T20:53:18.1193218+01:00" testType="13cdc9d9-ddb5-4fa4-a97d-d965ccfc6d4b" outcome="Passed" testListId="8c84fa94-04c1-424b-9868-57a2d4851a1d" relativeResultsDirectory="d923f071-df2a-4aa2-9a91-eec5bc136241">
    </UnitTestResult>
  </Results>
</TestRun>